Component: ARM Compiler 5.06 update 6 (build 750) Tool: armlink [4d35ed]

==============================================================================

Section Cross References

    ano_dt.o(i.ANO_DT_Data_Exchange) refers to ano_dt.o(i.ANO_DT_Send_Version) for ANO_DT_Send_Version
    ano_dt.o(i.ANO_DT_Data_Exchange) refers to ano_dt.o(i.ANO_DT_SendParame) for ANO_DT_SendParame
    ano_dt.o(i.ANO_DT_Data_Exchange) refers to ano_dt.o(i.ANO_DT_Send_Status) for ANO_DT_Send_Status
    ano_dt.o(i.ANO_DT_Data_Exchange) refers to ano_dt.o(i.ANO_DT_Send_Speed) for ANO_DT_Send_Speed
    ano_dt.o(i.ANO_DT_Data_Exchange) refers to ano_dt.o(i.ANO_DT_Send_User) for ANO_DT_Send_User
    ano_dt.o(i.ANO_DT_Data_Exchange) refers to ano_dt.o(i.ANO_DT_Send_Senser) for ANO_DT_Send_Senser
    ano_dt.o(i.ANO_DT_Data_Exchange) refers to ano_dt.o(i.ANO_DT_Send_Senser2) for ANO_DT_Send_Senser2
    ano_dt.o(i.ANO_DT_Data_Exchange) refers to ano_dt.o(i.ANO_DT_Send_RCData) for ANO_DT_Send_RCData
    ano_dt.o(i.ANO_DT_Data_Exchange) refers to ano_dt.o(i.ANO_DT_Send_MotoPWM) for ANO_DT_Send_MotoPWM
    ano_dt.o(i.ANO_DT_Data_Exchange) refers to ano_dt.o(i.ANO_DT_Send_Power) for ANO_DT_Send_Power
    ano_dt.o(i.ANO_DT_Data_Exchange) refers to ano_dt.o(i.ANO_DT_Send_Location) for ANO_DT_Send_Location
    ano_dt.o(i.ANO_DT_Data_Exchange) refers to ano_dt.o(i.ANO_DT_Send_VER) for ANO_DT_Send_VER
    ano_dt.o(i.ANO_DT_Data_Exchange) refers to ano_dt.o(i.ANO_DT_Data_Receive_Anl_Task) for ANO_DT_Data_Receive_Anl_Task
    ano_dt.o(i.ANO_DT_Data_Exchange) refers to ano_usb.o(i.Usb_Hid_Send) for Usb_Hid_Send
    ano_dt.o(i.ANO_DT_Data_Exchange) refers to ano_dt.o(.data) for cnt
    ano_dt.o(i.ANO_DT_Data_Exchange) refers to ano_dt.o(.bss) for f
    ano_dt.o(i.ANO_DT_Data_Exchange) refers to ano_fcdata.o(.bss) for flag
    ano_dt.o(i.ANO_DT_Data_Exchange) refers to ano_motioncal.o(.bss) for wcz_hei_fus
    ano_dt.o(i.ANO_DT_Data_Exchange) refers to ano_imu.o(.data) for imu_data
    ano_dt.o(i.ANO_DT_Data_Exchange) refers to ano_locctrl.o(.bss) for loc_ctrl_1
    ano_dt.o(i.ANO_DT_Data_Exchange) refers to ano_magprocess.o(.data) for mag
    ano_dt.o(i.ANO_DT_Data_Exchange) refers to drv_icm20602.o(.bss) for sensor
    ano_dt.o(i.ANO_DT_Data_Exchange) refers to ano_flightdatacal.o(.data) for ref_tof_height
    ano_dt.o(i.ANO_DT_Data_Exchange) refers to drv_pwm_in.o(.bss) for Rc_Pwm_In
    ano_dt.o(i.ANO_DT_Data_Exchange) refers to ano_rc.o(.bss) for CH_N
    ano_dt.o(i.ANO_DT_Data_Exchange) refers to ano_motorctrl.o(.data) for motor
    ano_dt.o(i.ANO_DT_Data_Exchange) refers to ano_power.o(.data) for Plane_Votage
    ano_dt.o(i.ANO_DT_Data_Receive_Anl) refers to ano_parameter.o(i.PID_Rest) for PID_Rest
    ano_dt.o(i.ANO_DT_Data_Receive_Anl) refers to ano_flightctrl.o(i.All_PID_Init) for All_PID_Init
    ano_dt.o(i.ANO_DT_Data_Receive_Anl) refers to ano_fcdata.o(i.data_save) for data_save
    ano_dt.o(i.ANO_DT_Data_Receive_Anl) refers to ano_parameter.o(i.Parame_Reset) for Parame_Reset
    ano_dt.o(i.ANO_DT_Data_Receive_Anl) refers to ano_dt.o(i.ANO_DT_SendCmd) for ANO_DT_SendCmd
    ano_dt.o(i.ANO_DT_Data_Receive_Anl) refers to ano_dt.o(i.ANO_DT_GetParame) for ANO_DT_GetParame
    ano_dt.o(i.ANO_DT_Data_Receive_Anl) refers to drv_icm20602.o(.bss) for sensor
    ano_dt.o(i.ANO_DT_Data_Receive_Anl) refers to ano_magprocess.o(.data) for mag
    ano_dt.o(i.ANO_DT_Data_Receive_Anl) refers to ano_dt.o(.bss) for f
    ano_dt.o(i.ANO_DT_Data_Receive_Anl_Task) refers to ano_dt.o(i.ANO_DT_Data_Receive_Anl) for ANO_DT_Data_Receive_Anl
    ano_dt.o(i.ANO_DT_Data_Receive_Anl_Task) refers to ano_dt.o(.data) for ano_dt_data_ok
    ano_dt.o(i.ANO_DT_Data_Receive_Anl_Task) refers to ano_dt.o(.bss) for DT_RxBuffer
    ano_dt.o(i.ANO_DT_Data_Receive_Prepare) refers to ano_dt.o(.data) for state
    ano_dt.o(i.ANO_DT_Data_Receive_Prepare) refers to ano_dt.o(.bss) for DT_RxBuffer
    ano_dt.o(i.ANO_DT_GetParame) refers to ano_dt.o(i.ANO_DT_ParListToParUsed) for ANO_DT_ParListToParUsed
    ano_dt.o(i.ANO_DT_GetParame) refers to ano_fcdata.o(i.data_save) for data_save
    ano_dt.o(i.ANO_DT_GetParame) refers to ano_dt.o(.bss) for ParValList
    ano_dt.o(i.ANO_DT_ParListToParUsed) refers to ano_dt.o(.bss) for ParValList
    ano_dt.o(i.ANO_DT_ParListToParUsed) refers to ano_parameter.o(.bss) for Ano_Parame
    ano_dt.o(i.ANO_DT_ParUsedToParList) refers to ano_parameter.o(.bss) for Ano_Parame
    ano_dt.o(i.ANO_DT_ParUsedToParList) refers to ano_dt.o(.bss) for ParValList
    ano_dt.o(i.ANO_DT_SendCmd) refers to ano_dt.o(i.ANO_DT_Send_Data) for ANO_DT_Send_Data
    ano_dt.o(i.ANO_DT_SendCmd) refers to ano_dt.o(.bss) for data_to_send
    ano_dt.o(i.ANO_DT_SendParame) refers to ano_dt.o(i.ANO_DT_ParUsedToParList) for ANO_DT_ParUsedToParList
    ano_dt.o(i.ANO_DT_SendParame) refers to ano_dt.o(i.ANO_DT_Send_Data) for ANO_DT_Send_Data
    ano_dt.o(i.ANO_DT_SendParame) refers to ano_dt.o(.bss) for ParValList
[...]
    cali_gyro                                0x20000072   Data           2  ano_rc.o(.data)
    cali_acc                                 0x20000074   Data           2  ano_rc.o(.data)
    cali_surface                             0x20000076   Data           2  ano_rc.o(.data)
    cali_mag                                 0x20000078   Data           4  ano_rc.o(.data)
    stick_fun_1                              0x2000007c   Data           1  ano_rc.o(.data)
    stick_fun_2                              0x2000007d   Data           1  ano_rc.o(.data)
    stick_fun_3                              0x2000007e   Data           1  ano_rc.o(.data)
    stick_fun_4                              0x2000007f   Data           1  ano_rc.o(.data)
    stick_fun_5_magcali                      0x20000080   Data           1  ano_rc.o(.data)
    HID_SEND_TIMEOUT                         0x200000dc   Data           1  ano_usb.o(.data)
    hid_datatemp_begin                       0x200000dd   Data           1  ano_usb.o(.data)
    hid_datatemp_end                         0x200000de   Data           1  ano_usb.o(.data)
    USBD_AltSetting                          0x200000e0   Data           1  usb_config.o(.data)
    USBD_HID_PollingCnt                      0x200000e2   Data           2  usb_config.o(.data)
    USBD_HID_IdleCnt                         0x200000e4   Data           1  usb_config.o(.data)
    USBD_HID_IdleReload                      0x200000e5   Data           1  usb_config.o(.data)
    USBD_HID_IdleSet                         0x200000e6   Data           1  usb_config.o(.data)
    USBD_HID_FeatReport                      0x200000e7   Data           2  usb_config.o(.data)
    switchs                                  0x200000e9   Data           6  ano_fcdata.o(.data)
    sens_hd_check                            0x200000ef   Data           8  ano_fcdata.o(.data)
    imu_data                                 0x20000104   Data         232  ano_imu.o(.data)
    imu_state                                0x2000021c   Data          24  ano_imu.o(.data)
    t_temp                                   0x20000234   Data           4  ano_imu.o(.data)
    ref_height_old                           0x20000244   Data           4  ano_motioncal.o(.data)
    ref_speed_old                            0x20000248   Data           4  ano_motioncal.o(.data)
    wcz_ref_height                           0x2000024c   Data           4  ano_motioncal.o(.data)
    wcz_ref_speed                            0x20000250   Data           4  ano_motioncal.o(.data)
    wcz_ref_acc                              0x20000254   Data           4  ano_motioncal.o(.data)
    flying_cnt                               0x20000282   Data           2  ano_flightctrl.o(.data)
    landing_cnt                              0x20000284   Data           2  ano_flightctrl.o(.data)
    stop_baro_hpf                            0x20000288   Data           4  ano_flightctrl.o(.data)
    speed_mode_old                           0x20000292   Data           1  ano_flightctrl.o(.data)
    flight_mode_old                          0x20000293   Data           1  ano_flightctrl.o(.data)
    test_time_cnt                            0x20000298   Data           2  ano_flightdatacal.o(.data)
    baro_height                              0x200002a4   Data           4  ano_flightdatacal.o(.data)
    baro_h_offset                            0x200002a8   Data           4  ano_flightdatacal.o(.data)
    ref_height_get_1                         0x200002ac   Data           4  ano_flightdatacal.o(.data)
    ref_height_get_2                         0x200002b0   Data           4  ano_flightdatacal.o(.data)
    ref_height_used                          0x200002b4   Data           4  ano_flightdatacal.o(.data)
    baro2tof_offset                          0x200002b8   Data           4  ano_flightdatacal.o(.data)
    tof2baro_offset                          0x200002bc   Data           4  ano_flightdatacal.o(.data)
    baro_fix1                                0x200002c0   Data           4  ano_flightdatacal.o(.data)
    baro_fix2                                0x200002c4   Data           4  ano_flightdatacal.o(.data)
    baro_fix                                 0x200002c8   Data           4  ano_flightdatacal.o(.data)
    wcz_acc_use                              0x200002d0   Data           4  ano_flightdatacal.o(.data)
    ref_tof_height                           0x200002d4   Data           2  ano_flightdatacal.o(.data)
    mag                                      0x20000300   Data           8  ano_magprocess.o(.data)
    motor                                    0x20000314   Data           8  ano_motorctrl.o(.data)
    motor_step                               0x2000031c   Data           8  ano_motorctrl.o(.data)
    Plane_Votage                             0x20000328   Data           4  ano_power.o(.data)
    AdcValue                                 0x20000336   Data           2  drv_adc.o(.data)
    len                                      0x20000340   Data           2  drv_gps.o(.data)
    wcx_acc_use                              0x20000344   Data           4  drv_gps.o(.data)
    wcy_acc_use                              0x20000348   Data           4  drv_gps.o(.data)
    GPS_get_cnt                              0x2000034c   Data           1  drv_gps.o(.data)
    I2C_FastMode                             0x20000359   Data           1  drv_i2c_soft.o(.data)
    acc_z_auto                               0x2000035c   Data           8  drv_icm20602.o(.data)
    acc_sum_cnt                              0x20000364   Data           2  drv_icm20602.o(.data)
    gyro_sum_cnt                             0x20000366   Data           2  drv_icm20602.o(.data)
    acc_z_auto_cnt                           0x20000368   Data           2  drv_icm20602.o(.data)
    g_old                                    0x2000036a   Data           6  drv_icm20602.o(.data)
    g_d_sum                                  0x20000370   Data          12  drv_icm20602.o(.data)
    roll_gz_comp                             0x2000037c   Data           2  drv_icm20602.o(.data)
    wh_matrix                                0x20000380   Data          36  drv_icm20602.o(.data)
    led_accuracy                             0x200003a8   Data           2  drv_led.o(.data)
    LED_Brightness                           0x200003ac   Data          16  drv_led.o(.data)
    baro_Offset                              0x200003f8   Data           4  drv_spl06.o(.data)
    alt_3                                    0x200003fc   Data           4  drv_spl06.o(.data)
    height                                   0x20000400   Data           4  drv_spl06.o(.data)
    baro_start                               0x20000404   Data           1  drv_spl06.o(.data)
    temperature                              0x20000408   Data           4  drv_spl06.o(.data)
    alt_high                                 0x2000040c   Data           4  drv_spl06.o(.data)
    baro_pressure                            0x20000410   Data           4  drv_spl06.o(.data)
    sysTickUptime                            0x20000414   Data           4  drv_time.o(.data)
    systime_ms                               0x20000418   Data           4  drv_time.o(.data)
    Tx5Counter                               0x2000041c   Data           1  drv_usart.o(.data)
    count5                                   0x2000041d   Data           1  drv_usart.o(.data)
    Tx4Counter                               0x2000041e   Data           1  drv_usart.o(.data)
    count4                                   0x2000041f   Data           1  drv_usart.o(.data)
    VL53L0X_LINKOK                           0x20000420   Data           1  drv_vl53l0x.o(.data)
    tof_height_mm                            0x20000422   Data           2  drv_vl53l0x.o(.data)
    OutMaxPacketSize                         0x20000428   Data          16  usbd_stm32f4xx_fs.o(.data)
    InPacketDataPtr                          0x20000438   Data          16  usbd_stm32f4xx_fs.o(.data)
    InPacketDataReady                        0x20000448   Data           4  usbd_stm32f4xx_fs.o(.data)
    SyncWriteEP                              0x2000044c   Data           4  usbd_stm32f4xx_fs.o(.data)
    IsoOutTokenRead                          0x20000450   Data           4  usbd_stm32f4xx_fs.o(.data)
    SystemCoreClock                          0x20000468   Data           4  system_stm32f4xx.o(.data)
    AHBPrescTable                            0x2000046c   Data          16  system_stm32f4xx.o(.data)
    USBD_DeviceStatus                        0x2000047c   Data           2  usbd_core.o(.data)
    USBD_DeviceAddress                       0x2000047e   Data           1  usbd_core.o(.data)
    USBD_Configuration                       0x2000047f   Data           1  usbd_core.o(.data)
    USBD_EndPointMask                        0x20000480   Data           4  usbd_core.o(.data)
    USBD_EndPointHalt                        0x20000484   Data           4  usbd_core.o(.data)
    USBD_EndPointStall                       0x20000488   Data           4  usbd_core.o(.data)
    USBD_NumInterfaces                       0x2000048c   Data           1  usbd_core.o(.data)
    USBD_HighSpeed                           0x2000048d   Data           1  usbd_core.o(.data)
    USBD_ZLP                                 0x2000048e   Data           1  usbd_core.o(.data)
    USBD_EP0Data                             0x20000490   Data           8  usbd_core.o(.data)
    USBD_SetupPacket                         0x20000498   Data           8  usbd_core.o(.data)
    USBD_HID_Protocol                        0x200004a0   Data           1  usbd_hid.o(.data)
    DataOutAsyncReq                          0x200004a4   Data           4  usbd_hid.o(.data)
    DataOutUpdateReqMask                     0x200004a8   Data           4  usbd_hid.o(.data)
    ptrDataOut                               0x200004ac   Data           4  usbd_hid.o(.data)
    DataOutToSendLen                         0x200004b0   Data           2  usbd_hid.o(.data)
    DataOutSentLen                           0x200004b2   Data           2  usbd_hid.o(.data)
    DataOutEndWithShortPacket                0x200004b4   Data           4  usbd_hid.o(.data)
    ptrDataIn                                0x200004b8   Data           4  usbd_hid.o(.data)
    DataInReceLen                            0x200004bc   Data           2  usbd_hid.o(.data)
    ptrDataFeat                              0x200004c0   Data           4  usbd_hid.o(.data)
    DataFeatReceLen                          0x200004c4   Data           2  usbd_hid.o(.data)
    DefaultTuningSettings                    0x200004c7   Data         243  vl53l0x_api.o(.data)
    InterruptThresholdSettings               0x200005ba   Data         438  vl53l0x_api.o(.data)
    refArrayQuadrants                        0x20000770   Data          16  vl53l0x_api_calibration.o(.data)
    vl53l0x_status                           0x20000780   Data           1  vl53l0x_platform.o(.data)
    ParValList                               0x20000784   Data         400  ano_dt.o(.bss)
    f                                        0x20000914   Data          20  ano_dt.o(.bss)
    data_to_send                             0x20000928   Data          50  ano_dt.o(.bss)
    Ano_Parame                               0x20000a8c   Data        4096  ano_parameter.o(.bss)
    CH_N                                     0x20001aa0   Data          16  ano_rc.o(.bss)
    test_dT_1000hz                           0x20001ab0   Data          12  ano_scheduler.o(.bss)
    test_rT                                  0x20001abc   Data          24  ano_scheduler.o(.bss)
    hid_datatemp                             0x20001ad4   Data         256  ano_usb.o(.bss)
    hid_data2send                            0x20001bd4   Data          64  ano_usb.o(.bss)
    USBD_EP0Buf                              0x20001c18   Data          64  usb_config.o(.bss)
    USBD_HID_InReport                        0x20001c58   Data          65  usb_config.o(.bss)
    USBD_HID_OutReport                       0x20001c99   Data          65  usb_config.o(.bss)
    stk_usb_msc_task                         0x20001ce0   Data         600  usb_config.o(.bss)
    save                                     0x20001f38   Data          64  ano_fcdata.o(.bss)
    flag                                     0x20001f78   Data          27  ano_fcdata.o(.bss)
    t                                        0x20001fb8   Data          36  ano_imu.o(.bss)
    imu_test                                 0x20001fdc   Data          12  ano_imu.o(.bss)
    wcz_acc_fus                              0x20001fe8   Data          28  ano_motioncal.o(.bss)
    wcz_spe_fus                              0x20002004   Data          24  ano_motioncal.o(.bss)
    wcz_hei_fus                              0x2000201c   Data          24  ano_motioncal.o(.bss)
    alt_arg_2                                0x20002034   Data          24  ano_altctrl.o(.bss)
    alt_val_2                                0x2000204c   Data          40  ano_altctrl.o(.bss)
    alt_arg_1                                0x20002074   Data          24  ano_altctrl.o(.bss)
    alt_val_1                                0x2000208c   Data          40  ano_altctrl.o(.bss)
    arg_2                                    0x200020b4   Data          72  ano_attctrl.o(.bss)
    arg_1                                    0x200020fc   Data          72  ano_attctrl.o(.bss)
    val_2                                    0x20002144   Data         120  ano_attctrl.o(.bss)
    val_1                                    0x200021bc   Data         120  ano_attctrl.o(.bss)
    att_2l_ct                                0x20002234   Data          36  ano_attctrl.o(.bss)
    att_1l_ct                                0x20002258   Data          28  ano_attctrl.o(.bss)
    rolling_flag                             0x20002284   Data          24  ano_attctrl.o(.bss)
    fs                                       0x2000229c   Data          44  ano_flightctrl.o(.bss)
    loc_arg_1                                0x200022c8   Data          48  ano_locctrl.o(.bss)
    loc_val_1                                0x200022f8   Data          80  ano_locctrl.o(.bss)
    loc_arg_1_fix                            0x20002348   Data          48  ano_locctrl.o(.bss)
    loc_val_1_fix                            0x20002378   Data          80  ano_locctrl.o(.bss)
    loc_ctrl_1                               0x200023c8   Data          36  ano_locctrl.o(.bss)
    loc_ctrl_2                               0x200023ec   Data          36  ano_locctrl.o(.bss)
    mc                                       0x20002410   Data          16  ano_motorctrl.o(.bss)
    rc                                       0x20002420   Data          10  dbus.o(.bss)
    Rc_dbus_In                               0x2000242a   Data          12  dbus.o(.bss)
    buf                                      0x20002436   Data          25  dbus.o(.bss)
    Gps_information                          0x20002450   Data         112  drv_gps.o(.bss)
    Gps_send_Temp                            0x200024c0   Data          20  drv_gps.o(.bss)
    GPS_data_buff                            0x200024d4   Data         100  drv_gps.o(.bss)
    mpu_buffer                               0x20002538   Data          14  drv_icm20602.o(.bss)
    center_pos                               0x20002548   Data          60  drv_icm20602.o(.bss)
    sensor                                   0x20002584   Data          80  drv_icm20602.o(.bss)
    sensor_val                               0x200025d4   Data          24  drv_icm20602.o(.bss)
    sensor_val_rot                           0x200025ec   Data          24  drv_icm20602.o(.bss)
    sensor_val_ref                           0x20002604   Data          24  drv_icm20602.o(.bss)
    sum_temp                                 0x2000261c   Data          28  drv_icm20602.o(.bss)
    acc_auto_sum_temp                        0x20002638   Data          12  drv_icm20602.o(.bss)
    LED_STA                                  0x2000265c   Data          15  drv_led.o(.bss)
    Rc_Pwm_In                                0x2000266c   Data          16  drv_pwm_in.o(.bss)
    Rc_Ppm_In                                0x2000267c   Data          16  drv_pwm_in.o(.bss)
    Tx5Buffer                                0x200026b8   Data         256  drv_usart.o(.bss)
    Tx4Buffer                                0x200027b8   Data         256  drv_usart.o(.bss)
    HID_IntInPacketData                      0x200028c4   Data          64  usbd_stm32f4xx_fs.o(.bss)
    IsoOutPacketDataPtr                      0x20002904   Data          16  usbd_stm32f4xx_fs.o(.bss)
    InPacketDataCnt                          0x20002914   Data          16  usbd_stm32f4xx_fs.o(.bss)
    IsoOutPacketDataCnt                      0x20002924   Data          16  usbd_stm32f4xx_fs.o(.bss)
    vl53l0x_dev                              0x20002934   Data         352  vl53l0x_platform.o(.bss)
    vl53l0x_dev_info                         0x20002a94   Data          99  vl53l0x_platform.o(.bss)
    vl53l0x_data                             0x20002af8   Data          28  vl53l0x_platform.o(.bss)
    __libspace_start                         0x20002b14   Data          96  libspace.o(.bss)
    __temporary_stack_top$libspace           0x20002b74   Data           0  libspace.o(.bss)



==============================================================================

Memory Map of the image

  Image Entry point : 0x08000189

  Load Region LR_IROM1 (Base: 0x08000000, Size: 0x00015ebc, Max: 0x00100000, ABSOLUTE, COMPRESSED[0x00015a50])

    Execution Region ER_IROM1 (Exec base: 0x08000000, Load base: 0x08000000, Size: 0x00015738, Max: 0x00100000, ABSOLUTE)

    Exec Addr    Load Addr    Size         Type   Attr      Idx    E Section Name        Object

    0x08000000   0x08000000   0x00000188   Data   RO         5362    RESET               startup_stm32f4xx.o
    0x08000188   0x08000188   0x00000008   Code   RO         6890  * !!!main             c_w.l(__main.o)
    0x08000190   0x08000190   0x00000034   Code   RO         7086    !!!scatter          c_w.l(__scatter.o)
    0x080001c4   0x080001c4   0x0000005a   Code   RO         7084    !!dczerorl2         c_w.l(__dczerorl2.o)
    0x0800021e   0x0800021e   0x00000002   PAD
    0x08000220   0x08000220   0x0000001c   Code   RO         7088    !!handler_zi        c_w.l(__scatter_zi.o)
    0x0800023c   0x0800023c   0x00000002   Code   RO         6954    .ARM.Collect$$libinit$$00000000  c_w.l(libinit.o)
    0x0800023e   0x0800023e   0x00000004   Code   RO         6960    .ARM.Collect$$libinit$$00000001  c_w.l(libinit2.o)
    0x08000242   0x08000242   0x00000000   Code   RO         6963    .ARM.Collect$$libinit$$00000004  c_w.l(libinit2.o)
    0x08000242   0x08000242   0x00000000   Code   RO         6966    .ARM.Collect$$libinit$$0000000A  c_w.l(libinit2.o)
    0x08000242   0x08000242   0x00000000   Code   RO         6968    .ARM.Collect$$libinit$$0000000C  c_w.l(libinit2.o)
    0x08000242   0x08000242   0x00000000   Code   RO         6970    .ARM.Collect$$libinit$$0000000E  c_w.l(libinit2.o)
    0x08000242   0x08000242   0x00000000   Code   RO         6973    .ARM.Collect$$libinit$$00000011  c_w.l(libinit2.o)
    0x08000242   0x08000242   0x00000000   Code   RO         6975    .ARM.Collect$$libinit$$00000013  c_w.l(libinit2.o)
    0x08000242   0x08000242   0x00000000   Code   RO         6977    .ARM.Collect$$libinit$$00000015  c_w.l(libinit2.o)
    0x08000242   0x08000242   0x00000000   Code   RO         6979    .ARM.Collect$$libinit$$00000017  c_w.l(libinit2.o)
    0x08000242   0x08000242   0x00000000   Code   RO         6981    .ARM.Collect$$libinit$$00000019  c_w.l(libinit2.o)
    0x08000242   0x08000242   0x00000000   Code   RO         6983    .ARM.Collect$$libinit$$0000001B  c_w.l(libinit2.o)
    0x08000242   0x08000242   0x00000000   Code   RO         6985    .ARM.Collect$$libinit$$0000001D  c_w.l(libinit2.o)
    0x08000242   0x08000242   0x00000000   Code   RO         6987    .ARM.Collect$$libinit$$0000001F  c_w.l(libinit2.o)
    0x08000242   0x08000242   0x00000000   Code   RO         6989    .ARM.Collect$$libinit$$00000021  c_w.l(libinit2.o)
    0x08000242   0x08000242   0x00000000   Code   RO         6991    .ARM.Collect$$libinit$$00000023  c_w.l(libinit2.o)
    0x08000242   0x08000242   0x00000000   Code   RO         6993    .ARM.Collect$$libinit$$00000025  c_w.l(libinit2.o)
    0x08000242   0x08000242   0x00000000   Code   RO         6997    .ARM.Collect$$libinit$$0000002C  c_w.l(libinit2.o)
    0x08000242   0x08000242   0x00000000   Code   RO         6999    .ARM.Collect$$libinit$$0000002E  c_w.l(libinit2.o)
    0x08000242   0x08000242   0x00000000   Code   RO         7001    .ARM.Collect$$libinit$$00000030  c_w.l(libinit2.o)
    0x08000242   0x08000242   0x00000000   Code   RO         7003    .ARM.Collect$$libinit$$00000032  c_w.l(libinit2.o)
    0x08000242   0x08000242   0x00000002   Code   RO         7004    .ARM.Collect$$libinit$$00000033  c_w.l(libinit2.o)
    0x08000244   0x08000244   0x00000002   Code   RO         7024    .ARM.Collect$$libshutdown$$00000000  c_w.l(libshutdown.o)
    0x08000246   0x08000246   0x00000000   Code   RO         7037    .ARM.Collect$$libshutdown$$00000002  c_w.l(libshutdown2.o)
    0x08000246   0x08000246   0x00000000   Code   RO         7039    .ARM.Collect$$libshutdown$$00000004  c_w.l(libshutdown2.o)
    0x08000246   0x08000246   0x00000000   Code   RO         7042    .ARM.Collect$$libshutdown$$00000007  c_w.l(libshutdown2.o)
    0x08000246   0x08000246   0x00000000   Code   RO         7045    .ARM.Collect$$libshutdown$$0000000A  c_w.l(libshutdown2.o)
    0x08000246   0x08000246   0x00000000   Code   RO         7047    .ARM.Collect$$libshutdown$$0000000C  c_w.l(libshutdown2.o)
    0x08000246   0x08000246   0x00000000   Code   RO         7050    .ARM.Collect$$libshutdown$$0000000F  c_w.l(libshutdown2.o)
    0x08000246   0x08000246   0x00000002   Code   RO         7051    .ARM.Collect$$libshutdown$$00000010  c_w.l(libshutdown2.o)
    0x08000248   0x08000248   0x00000000   Code   RO         6918    .ARM.Collect$$rtentry$$00000000  c_w.l(__rtentry.o)
    0x08000248   0x08000248   0x00000000   Code   RO         6931    .ARM.Collect$$rtentry$$00000002  c_w.l(__rtentry2.o)
    0x08000248   0x08000248   0x00000006   Code   RO         6943    .ARM.Collect$$rtentry$$00000004  c_w.l(__rtentry4.o)
    0x0800024e   0x0800024e   0x00000000   Code   RO         6933    .ARM.Collect$$rtentry$$00000009  c_w.l(__rtentry2.o)
    0x0800024e   0x0800024e   0x00000004   Code   RO         6934    .ARM.Collect$$rtentry$$0000000A  c_w.l(__rtentry2.o)
    0x08000252   0x08000252   0x00000000   Code   RO         6936    .ARM.Collect$$rtentry$$0000000C  c_w.l(__rtentry2.o)
    0x08000252   0x08000252   0x00000008   Code   RO         6937    .ARM.Collect$$rtentry$$0000000D  c_w.l(__rtentry2.o)
    0x0800025a   0x0800025a   0x00000002   Code   RO         6958    .ARM.Collect$$rtexit$$00000000  c_w.l(rtexit.o)
    0x0800025c   0x0800025c   0x00000000   Code   RO         7006    .ARM.Collect$$rtexit$$00000002  c_w.l(rtexit2.o)
    0x0800025c   0x0800025c   0x00000004   Code   RO         7007    .ARM.Collect$$rtexit$$00000003  c_w.l(rtexit2.o)
    0x08000260   0x08000260   0x00000006   Code   RO         7008    .ARM.Collect$$rtexit$$00000004  c_w.l(rtexit2.o)
    0x08000266   0x08000266   0x00000002   PAD
    0x08000268   0x08000268   0x00000040   Code   RO         5363    .text               startup_stm32f4xx.o
    0x080002a8   0x080002a8   0x00000048   Code   RO         6880    .text               c_w.l(strcpy.o)
    0x080002f0   0x080002f0   0x0000008a   Code   RO         6882    .text               c_w.l(rt_memcpy_v6.o)
    0x0800037a   0x0800037a   0x00000064   Code   RO         6884    .text               c_w.l(rt_memcpy_w.o)
    0x080003de   0x080003de   0x0000004e   Code   RO         6886    .text               c_w.l(rt_memclr_w.o)
    0x0800042c   0x0800042c   0x00000006   Code   RO         6888    .text               c_w.l(heapauxi.o)
    0x08000432   0x08000432   0x0000004a   Code   RO         6945    .text               c_w.l(sys_stackheap_outer.o)
    0x0800047c   0x0800047c   0x00000012   Code   RO         6947    .text               c_w.l(exit.o)
    0x0800048e   0x0800048e   0x00000002   PAD
    0x08000490   0x08000490   0x00000008   Code   RO         6955    .text               c_w.l(libspace.o)
    0x08000498   0x08000498   0x0000000c   Code   RO         7016    .text               c_w.l(sys_exit.o)
    0x080004a4   0x080004a4   0x00000002   Code   RO         7027    .text               c_w.l(use_no_semi.o)
    0x080004a6   0x080004a6   0x00000000   Code   RO         7029    .text               c_w.l(indicate_semi.o)
    0x080004a6   0x080004a6   0x00000002   PAD
    0x080004a8   0x080004a8   0x00000094   Code   RO         2889    i.ADC_Cmd           stm32f4xx_adc.o
    0x0800053c   0x0800053c   0x000001a0   Code   RO         2890    i.ADC_CommonInit    stm32f4xx_adc.o
    0x080006dc   0x080006dc   0x00000094   Code   RO         2893    i.ADC_DMACmd        stm32f4xx_adc.o
    0x08000770   0x08000770   0x00000094   Code   RO         2894    i.ADC_DMARequestAfterLastTransferCmd  stm32f4xx_adc.o
    0x08000804   0x08000804   0x000001e4   Code   RO         2909    i.ADC_Init          stm32f4xx_adc.o
    0x080009e8   0x080009e8   0x000001e0   Code   RO         2914    i.ADC_RegularChannelConfig  stm32f4xx_adc.o
    0x08000bc8   0x08000bc8   0x00000074   Code   RO         2916    i.ADC_SoftwareStartConv  stm32f4xx_adc.o
    0x08000c3c   0x08000c3c   0x0000041c   Code   RO            2    i.ANO_DT_Data_Exchange  ano_dt.o
    0x08001058   0x08001058   0x0000013c   Code   RO            3    i.ANO_DT_Data_Receive_Anl  ano_dt.o
    0x08001194   0x08001194   0x0000002c   Code   RO            4    i.ANO_DT_Data_Receive_Anl_Task  ano_dt.o
    0x080011c0   0x080011c0   0x000000ec   Code   RO            5    i.ANO_DT_Data_Receive_Prepare  ano_dt.o
    0x080012ac   0x080012ac   0x0000002c   Code   RO            6    i.ANO_DT_GetParame  ano_dt.o
    0x080012d8   0x080012d8   0x00000454   Code   RO            7    i.ANO_DT_ParListToParUsed  ano_dt.o
    0x0800172c   0x0800172c   0x00000488   Code   RO            8    i.ANO_DT_ParUsedToParList  ano_dt.o
    0x08001bb4   0x08001bb4   0x00000080   Code   RO            9    i.ANO_DT_SendCmd    ano_dt.o
    0x08001c34   0x08001c34   0x000000ec   Code   RO           10    i.ANO_DT_SendParame  ano_dt.o
    0x08001d20   0x08001d20   0x00000084   Code   RO           11    i.ANO_DT_SendString  ano_dt.o
    0x08001da4   0x08001da4   0x00000014   Code   RO           12    i.ANO_DT_Send_Data  ano_dt.o
    0x08001db8   0x08001db8   0x00000138   Code   RO           13    i.ANO_DT_Send_Location  ano_dt.o
    0x08001ef0   0x08001ef0   0x00000138   Code   RO           14    i.ANO_DT_Send_MotoPWM  ano_dt.o
    0x08002028   0x08002028   0x00000098   Code   RO           15    i.ANO_DT_Send_Power  ano_dt.o
    0x080020c0   0x080020c0   0x00000170   Code   RO           16    i.ANO_DT_Send_RCData  ano_dt.o
    0x08002230   0x08002230   0x000001a8   Code   RO           17    i.ANO_DT_Send_Senser  ano_dt.o
    0x080023d8   0x080023d8   0x000000c8   Code   RO           18    i.ANO_DT_Send_Senser2  ano_dt.o
    0x080024a0   0x080024a0   0x00000108   Code   RO           19    i.ANO_DT_Send_Speed  ano_dt.o
    0x080025a8   0x080025a8   0x00000164   Code   RO           20    i.ANO_DT_Send_Status  ano_dt.o
    0x0800270c   0x0800270c   0x00000168   Code   RO           21    i.ANO_DT_Send_User  ano_dt.o
    0x08002874   0x08002874   0x00000070   Code   RO           22    i.ANO_DT_Send_VER   ano_dt.o
    0x080028e4   0x080028e4   0x000000d4   Code   RO           23    i.ANO_DT_Send_Version  ano_dt.o
    0x080029b8   0x080029b8   0x000000b8   Code   RO          705    i.All_Init          bsp_init.o
    0x08002a70   0x08002a70   0x00000018   Code   RO         1486    i.All_PID_Init      ano_flightctrl.o
    0x08002a88   0x08002a88   0x000001c0   Code   RO         1366    i.Alt_1level_Ctrl   ano_altctrl.o
    0x08002c48   0x08002c48   0x0000003c   Code   RO         1367    i.Alt_1level_PID_Init  ano_altctrl.o
    0x08002c84   0x08002c84   0x00000168   Code   RO         1368    i.Alt_2level_Ctrl   ano_altctrl.o
    0x08002dec   0x08002dec   0x0000003c   Code   RO         1369    i.Alt_2level_PID_Init  ano_altctrl.o
    0x08002e28   0x08002e28   0x00000070   Code   RO          327    i.AnoOF_Check       ano_of.o
    0x08002e98   0x08002e98   0x000000fc   Code   RO          328    i.AnoOF_DataAnl     ano_of.o
    0x08002f94   0x08002f94   0x0000000c   Code   RO          329    i.AnoOF_DataAnl_Task  ano_of.o
    0x08002fa0   0x08002fa0   0x000000f4   Code   RO          330    i.AnoOF_GetOneByte  ano_of.o
    0x08003094   0x08003094   0x0000002c   Code   RO          368    i.Ano_Parame_Read   ano_parameter.o
    0x080030c0   0x080030c0   0x00000028   Code   RO          369    i.Ano_Parame_Write  ano_parameter.o
    0x080030e8   0x080030e8   0x00000084   Code   RO          370    i.Ano_Parame_Write_task  ano_parameter.o
    0x0800316c   0x0800316c   0x00000268   Code   RO         1433    i.Att_1level_Ctrl   ano_attctrl.o
    0x080033d4   0x080033d4   0x000000b8   Code   RO         1434    i.Att_1level_PID_Init  ano_attctrl.o
    0x0800348c   0x0800348c   0x00000518   Code   RO         1435    i.Att_2level_Ctrl   ano_attctrl.o
    0x080039a4   0x080039a4   0x00000090   Code   RO         1436    i.Att_2level_PID_Init  ano_attctrl.o
    0x08003a34   0x08003a34   0x00000148   Code   RO         1370    i.Auto_Take_Off_Land_Task  ano_altctrl.o
    0x08003b7c   0x08003b7c   0x00000004   Code   RO          766    i.BusFault_Handler  stm32f4xx_it.o
    0x08003b80   0x08003b80   0x00000024   Code   RO         2054    i.Center_Pos_Set    drv_icm20602.o
    0x08003ba4   0x08003ba4   0x00000044   Code   RO         1749    i.DMA1_Stream5_IRQHandler  dbus.o
    0x08003be8   0x08003be8   0x00000124   Code   RO         3324    i.DMA_ClearITPendingBit  stm32f4xx_dma.o
    0x08003d0c   0x08003d0c   0x000000fc   Code   RO         3325    i.DMA_Cmd           stm32f4xx_dma.o
    0x08003e08   0x08003e08   0x000000e4   Code   RO         3330    i.DMA_GetCmdStatus  stm32f4xx_dma.o
    0x08003eec   0x08003eec   0x000002d0   Code   RO         3335    i.DMA_GetITStatus   stm32f4xx_dma.o
    0x080041bc   0x080041bc   0x000002dc   Code   RO         3337    i.DMA_Init          stm32f4xx_dma.o
    0x08004498   0x08004498   0x00000002   Code   RO          767    i.DebugMon_Handler  stm32f4xx_it.o
    0x0800449a   0x0800449a   0x00000018   Code   RO         2404    i.Delay_ms          drv_time.o
    0x080044b2   0x080044b2   0x00000018   Code   RO         2405    i.Delay_us          drv_time.o
    0x080044ca   0x080044ca   0x00000002   PAD
    0x080044cc   0x080044cc   0x0000003c   Code   RO         1827    i.Drv_AK8975CSPin_Init  drv_ak8975.o
    0x08004508   0x08004508   0x00000034   Code   RO         1828    i.Drv_AK8975_Read   drv_ak8975.o
    0x0800453c   0x0800453c   0x000000a0   Code   RO         1800    i.Drv_AdcInit       drv_adc.o
    0x080045dc   0x080045dc   0x0000014c   Code   RO         1874    i.Drv_GpsPin_Init   drv_gps.o
    0x08004728   0x08004728   0x0000003c   Code   RO         2055    i.Drv_Icm20602CSPin_Init  drv_icm20602.o
    0x08004764   0x08004764   0x000000e8   Code   RO         2056    i.Drv_Icm20602Reg_Init  drv_icm20602.o
    0x0800484c   0x0800484c   0x00000014   Code   RO         2057    i.Drv_Icm20602_Read  drv_icm20602.o
    0x08004860   0x08004860   0x00000074   Code   RO         2154    i.Drv_LED_Init      drv_led.o
    0x080048d4   0x080048d4   0x00000038   Code   RO         2269    i.Drv_SPI2_RW       drv_spi.o
    0x0800490c   0x0800490c   0x0000001c   Code   RO         2270    i.Drv_SPI2_Receive  drv_spi.o
    0x08004928   0x08004928   0x000000c4   Code   RO         2272    i.Drv_SPI2_init     drv_spi.o
    0x080049ec   0x080049ec   0x0000003c   Code   RO         2303    i.Drv_SPL06CSPin_Init  drv_spl06.o
    0x08004a28   0x08004a28   0x00000058   Code   RO         2304    i.Drv_Spl0601_Init  drv_spl06.o
    0x08004a80   0x08004a80   0x000000c0   Code   RO         2305    i.Drv_Spl0601_Read  drv_spl06.o
    0x08004b40   0x08004b40   0x00000030   Code   RO         2538    i.Drv_Vl53_Init     drv_vl53l0x.o
    0x08004b70   0x08004b70   0x00000050   Code   RO         2539    i.Drv_Vl53_RunTask  drv_vl53l0x.o
    0x08004bc0   0x08004bc0   0x00000012   Code   RO          768    i.EXTI9_5_IRQHandler  stm32f4xx_it.o
    0x08004bd2   0x08004bd2   0x00000002   PAD
    0x08004bd4   0x08004bd4   0x00000060   Code   RO         3448    i.EXTI_ClearITPendingBit  stm32f4xx_exti.o
    0x08004c34   0x08004c34   0x000000ec   Code   RO         3452    i.EXTI_GetITStatus  stm32f4xx_exti.o
    0x08004d20   0x08004d20   0x0000012c   Code   RO         3453    i.EXTI_Init         stm32f4xx_exti.o
    0x08004e4c   0x08004e4c   0x0000005c   Code   RO         1578    i.Fc_Sensor_Get     ano_flightdatacal.o
    0x08004ea8   0x08004ea8   0x00000180   Code   RO         2599    i.Flash_Init        drv_w25qxx.o
    0x08005028   0x08005028   0x00000054   Code   RO         2600    i.Flash_PageRead    drv_w25qxx.o
    0x0800507c   0x0800507c   0x00000058   Code   RO         2601    i.Flash_PageWrite   drv_w25qxx.o
    0x080050d4   0x080050d4   0x00000048   Code   RO         2602    i.Flash_ReadID      drv_w25qxx.o
    0x0800511c   0x0800511c   0x00000048   Code   RO         2603    i.Flash_SectorErase  drv_w25qxx.o
    0x08005164   0x08005164   0x00000038   Code   RO         2604    i.Flash_SectorsRead  drv_w25qxx.o
    0x0800519c   0x0800519c   0x0000006c   Code   RO         2605    i.Flash_SectorsWrite  drv_w25qxx.o
    0x08005208   0x08005208   0x00000038   Code   RO         2606    i.Flash_SendByte    drv_w25qxx.o
    0x08005240   0x08005240   0x00000038   Code   RO         2607    i.Flash_WaitForEnd  drv_w25qxx.o
    0x08005278   0x08005278   0x00000024   Code   RO         2608    i.Flash_WriteEnable  drv_w25qxx.o
    0x0800529c   0x0800529c   0x00000098   Code   RO         1487    i.Flight_Mode_Set   ano_flightctrl.o
    0x08005334   0x08005334   0x000003a0   Code   RO         1488    i.Flight_State_Task  ano_flightctrl.o
    0x080056d4   0x080056d4   0x000001b8   Code   RO         3696    i.GPIO_Init         stm32f4xx_gpio.o
    0x0800588c   0x0800588c   0x000001b4   Code   RO         3697    i.GPIO_PinAFConfig  stm32f4xx_gpio.o
    0x08005a40   0x08005a40   0x000000c0   Code   RO         3703    i.GPIO_ResetBits    stm32f4xx_gpio.o
    0x08005b00   0x08005b00   0x000000c0   Code   RO         3704    i.GPIO_SetBits      stm32f4xx_gpio.o
    0x08005bc0   0x08005bc0   0x00000012   Code   RO         3705    i.GPIO_StructInit   stm32f4xx_gpio.o
    0x08005bd2   0x08005bd2   0x00000002   PAD
    0x08005bd4   0x08005bd4   0x00000124   Code   RO         3708    i.GPIO_WriteBit     stm32f4xx_gpio.o
    0x08005cf8   0x08005cf8   0x00000164   Code   RO         1875    i.GPS_Data_Processing_Task  drv_gps.o
    0x08005e5c   0x08005e5c   0x000001b0   Code   RO         1876    i.GPS_data_analysis  drv_gps.o
    0x0800600c   0x0800600c   0x00000060   Code   RO         1877    i.GPS_ubx_check_sum  drv_gps.o
    0x0800606c   0x0800606c   0x00000034   Code   RO         2406    i.GetSysTime_us     drv_time.o
    0x080060a0   0x080060a0   0x0000003c   Code   RO         1954    i.I2c_Soft_Ask      drv_i2c_soft.o
    0x080060dc   0x080060dc   0x00000044   Code   RO         1955    i.I2c_Soft_Init     drv_i2c_soft.o
    0x08006120   0x08006120   0x0000003c   Code   RO         1956    i.I2c_Soft_NoAsk    drv_i2c_soft.o
    0x0800615c   0x0800615c   0x00000068   Code   RO         1957    i.I2c_Soft_ReadByte  drv_i2c_soft.o
    0x080061c4   0x080061c4   0x00000058   Code   RO         1958    i.I2c_Soft_SendByte  drv_i2c_soft.o
    0x0800621c   0x0800621c   0x00000060   Code   RO         1959    i.I2c_Soft_Start    drv_i2c_soft.o
    0x0800627c   0x0800627c   0x0000003c   Code   RO         1960    i.I2c_Soft_Stop     drv_i2c_soft.o
    0x080062b8   0x080062b8   0x00000060   Code   RO         1961    i.I2c_Soft_WaitAsk  drv_i2c_soft.o
    0x08006318   0x08006318   0x00000088   Code   RO         1962    i.I2c_Soft_delay    drv_i2c_soft.o
    0x080063a0   0x080063a0   0x00000066   Code   RO         1965    i.IIC_Read_nByte    drv_i2c_soft.o
    0x08006406   0x08006406   0x0000004c   Code   RO         1967    i.IIC_Write_nByte   drv_i2c_soft.o
    0x08006452   0x08006452   0x00000002   PAD
    0x08006454   0x08006454   0x000000a4   Code   RO         1579    i.IMU_Update_Task   ano_flightdatacal.o
    0x080064f8   0x080064f8   0x00000918   Code   RO         1137    i.IMU_update        ano_imu.o
    0x08006e10   0x08006e10   0x000000c4   Code   RO         2155    i.LED_1ms_DRV       drv_led.o
    0x08006ed4   0x08006ed4   0x00000344   Code   RO         2156    i.LED_Task2         drv_led.o
    0x08007218   0x08007218   0x0000071c   Code   RO         1626    i.Loc_1level_Ctrl   ano_locctrl.o
    0x08007934   0x08007934   0x000000cc   Code   RO         1627    i.Loc_1level_PID_Init  ano_locctrl.o
    0x08007a00   0x08007a00   0x00000084   Code   RO          521    i.Loop_1000Hz       ano_scheduler.o
    0x08007a84   0x08007a84   0x00000078   Code   RO          522    i.Loop_100Hz        ano_scheduler.o
    0x08007afc   0x08007afc   0x00000002   Code   RO          523    i.Loop_200Hz        ano_scheduler.o
    0x08007afe   0x08007afe   0x0000000e   Code   RO          524    i.Loop_20Hz         ano_scheduler.o
    0x08007b0c   0x08007b0c   0x0000000c   Code   RO          525    i.Loop_2Hz          ano_scheduler.o
    0x08007b18   0x08007b18   0x00000002   Code   RO          526    i.Loop_500Hz        ano_scheduler.o
    0x08007b1a   0x08007b1a   0x0000000a   Code   RO          527    i.Loop_50Hz         ano_scheduler.o
    0x08007b24   0x08007b24   0x00000224   Code   RO         2058    i.MPU6050_Data_Offset  drv_icm20602.o
    0x08007d48   0x08007d48   0x00000064   Code   RO         1655    i.Mag_Cal_Reset     ano_magprocess.o
    0x08007dac   0x08007dac   0x00000058   Code   RO         1656    i.Mag_Cal_XY        ano_magprocess.o
    0x08007e04   0x08007e04   0x00000048   Code   RO         1657    i.Mag_Cal_Z         ano_magprocess.o
    0x08007e4c   0x08007e4c   0x000003d8   Code   RO         1658    i.Mag_Data_Deal_Task  ano_magprocess.o
    0x08008224   0x08008224   0x00000058   Code   RO         1829    i.Mag_Get           drv_ak8975.o
    0x0800827c   0x0800827c   0x0000003c   Code   RO         1580    i.Mag_Update_Task   ano_flightdatacal.o
    0x080082b8   0x080082b8   0x00000004   Code   RO          769    i.MemManage_Handler  stm32f4xx_it.o
    0x080082bc   0x080082bc   0x000001c4   Code   RO         1696    i.Motor_Ctrl_Task   ano_motorctrl.o
    0x08008480   0x08008480   0x00000002   Code   RO          770    i.NMI_Handler       stm32f4xx_it.o
    0x08008482   0x08008482   0x00000002   PAD
    0x08008484   0x08008484   0x000000e0   Code   RO         2843    i.NVIC_Init         misc.o
    0x08008564   0x08008564   0x00000070   Code   RO         2844    i.NVIC_PriorityGroupConfig  misc.o
    0x080085d4   0x080085d4   0x00000668   Code   RO         2679    i.OTG_FS_IRQHandler  usbd_stm32f4xx_fs.o
    0x08008c3c   0x08008c3c   0x000001fc   Code   RO          371    i.PID_Rest          ano_parameter.o
    0x08008e38   0x08008e38   0x00000120   Code   RO         1347    i.PID_calculate     ano_pid.o
    0x08008f58   0x08008f58   0x00000374   Code   RO         2208    i.PWM_IN_Init       drv_pwm_in.o
    0x080092cc   0x080092cc   0x000002e8   Code   RO         2244    i.PWM_Out_Init      drv_pwm_out.o
    0x080095b4   0x080095b4   0x00000008   Code   RO          997    i.Para_Data_Init    ano_fcdata.o
    0x080095bc   0x080095bc   0x0000005c   Code   RO          372    i.Parame_Copy_Fc2para  ano_parameter.o
    0x08009618   0x08009618   0x00000060   Code   RO          373    i.Parame_Copy_Para2fc  ano_parameter.o
    0x08009678   0x08009678   0x000000d0   Code   RO          374    i.Parame_Reset      ano_parameter.o
    0x08009748   0x08009748   0x000001a4   Code   RO         1727    i.Power_UpdateTask  ano_power.o
    0x080098ec   0x080098ec   0x0000008c   Code   RO         4079    i.RCC_AHB1PeriphClockCmd  stm32f4xx_rcc.o
    0x08009978   0x08009978   0x0000008c   Code   RO         4088    i.RCC_APB1PeriphClockCmd  stm32f4xx_rcc.o
    0x08009a04   0x08009a04   0x0000008c   Code   RO         4090    i.RCC_APB1PeriphResetCmd  stm32f4xx_rcc.o
    0x08009a90   0x08009a90   0x0000008c   Code   RO         4091    i.RCC_APB2PeriphClockCmd  stm32f4xx_rcc.o
    0x08009b1c   0x08009b1c   0x0000008c   Code   RO         4093    i.RCC_APB2PeriphResetCmd  stm32f4xx_rcc.o
    0x08009ba8   0x08009ba8   0x000000e8   Code   RO         4100    i.RCC_GetClocksFreq  stm32f4xx_rcc.o
    0x08009c90   0x08009c90   0x000000a4   Code   RO          445    i.RC_duty_task      ano_rc.o
    0x08009d34   0x08009d34   0x00000098   Code   RO         4361    i.SPI_Cmd           stm32f4xx_spi.o
    0x08009dcc   0x08009dcc   0x000000b0   Code   RO         4368    i.SPI_I2S_DeInit    stm32f4xx_spi.o
    0x08009e7c   0x08009e7c   0x000000c0   Code   RO         4369    i.SPI_I2S_GetFlagStatus  stm32f4xx_spi.o
    0x08009f3c   0x08009f3c   0x00000080   Code   RO         4372    i.SPI_I2S_ReceiveData  stm32f4xx_spi.o
    0x08009fbc   0x08009fbc   0x00000080   Code   RO         4373    i.SPI_I2S_SendData  stm32f4xx_spi.o
    0x0800a03c   0x0800a03c   0x000001a4   Code   RO         4374    i.SPI_Init          stm32f4xx_spi.o
    0x0800a1e0   0x0800a1e0   0x00000002   Code   RO          771    i.SVC_Handler       stm32f4xx_it.o
    0x0800a1e2   0x0800a1e2   0x00000002   PAD
    0x0800a1e4   0x0800a1e4   0x000000f4   Code   RO         4518    i.SYSCFG_EXTILineConfig  stm32f4xx_syscfg.o
    0x0800a2d8   0x0800a2d8   0x00000050   Code   RO          528    i.Scheduler_Run     ano_scheduler.o
    0x0800a328   0x0800a328   0x00000050   Code   RO          529    i.Scheduler_Setup   ano_scheduler.o
    0x0800a378   0x0800a378   0x00000400   Code   RO         2059    i.Sensor_Data_Prepare  drv_icm20602.o
    0x0800a778   0x0800a778   0x00000038   Code   RO         2245    i.SetPwm            drv_pwm_out.o
    0x0800a7b0   0x0800a7b0   0x000000ec   Code   RO         5368    i.SetSysClock       system_stm32f4xx.o
    0x0800a89c   0x0800a89c   0x00000048   Code   RO         1437    i.Set_Att_1level_Ki  ano_attctrl.o
    0x0800a8e4   0x0800a8e4   0x00000034   Code   RO         1438    i.Set_Att_2level_Ki  ano_attctrl.o
    0x0800a918   0x0800a918   0x00000002   Code   RO         1489    i.Speed_Mode_Switch  ano_flightctrl.o
    0x0800a91a   0x0800a91a   0x00000002   PAD
    0x0800a91c   0x0800a91c   0x000000c8   Code   RO         1490    i.Swtich_State_Task  ano_flightctrl.o
    0x0800a9e4   0x0800a9e4   0x00000070   Code   RO         2847    i.SysTick_CLKSourceConfig  misc.o
    0x0800aa54   0x0800aa54   0x0000006c   Code   RO         2408    i.SysTick_Configuration  drv_time.o
    0x0800aac0   0x0800aac0   0x0000000c   Code   RO         2409    i.SysTick_GetTick   drv_time.o
    0x0800aacc   0x0800aacc   0x0000001c   Code   RO         2410    i.SysTick_Handler   drv_time.o
    0x0800aae8   0x0800aae8   0x00000068   Code   RO         5370    i.SystemInit        system_stm32f4xx.o
    0x0800ab50   0x0800ab50   0x0000003a   Code   RO         4561    i.TI1_Config        stm32f4xx_tim.o
    0x0800ab8a   0x0800ab8a   0x00000050   Code   RO         4562    i.TI2_Config        stm32f4xx_tim.o
    0x0800abda   0x0800abda   0x00000048   Code   RO         4563    i.TI3_Config        stm32f4xx_tim.o
    0x0800ac22   0x0800ac22   0x00000050   Code   RO         4564    i.TI4_Config        stm32f4xx_tim.o
    0x0800ac72   0x0800ac72   0x00000008   Code   RO          772    i.TIM3_IRQHandler   stm32f4xx_it.o
    0x0800ac7a   0x0800ac7a   0x00000008   Code   RO          773    i.TIM4_IRQHandler   stm32f4xx_it.o
    0x0800ac82   0x0800ac82   0x00000002   PAD
    0x0800ac84   0x0800ac84   0x00000100   Code   RO         4565    i.TIM_ARRPreloadConfig  stm32f4xx_tim.o
    0x0800ad84   0x0800ad84   0x00000100   Code   RO         4577    i.TIM_Cmd           stm32f4xx_tim.o
    0x0800ae84   0x0800ae84   0x00000094   Code   RO         4579    i.TIM_CtrlPWMOutputs  stm32f4xx_tim.o
    0x0800af18   0x0800af18   0x000000c4   Code   RO         4592    i.TIM_GetCapture1   stm32f4xx_tim.o
    0x0800afdc   0x0800afdc   0x0000009c   Code   RO         4593    i.TIM_GetCapture2   stm32f4xx_tim.o
    0x0800b078   0x0800b078   0x00000088   Code   RO         4594    i.TIM_GetCapture3   stm32f4xx_tim.o
    0x0800b100   0x0800b100   0x00000088   Code   RO         4595    i.TIM_GetCapture4   stm32f4xx_tim.o
    0x0800b188   0x0800b188   0x00000234   Code   RO         4600    i.TIM_ICInit        stm32f4xx_tim.o
    0x0800b3bc   0x0800b3bc   0x00000012   Code   RO         4601    i.TIM_ICStructInit  stm32f4xx_tim.o
    0x0800b3ce   0x0800b3ce   0x00000002   PAD
    0x0800b3d0   0x0800b3d0   0x00000110   Code   RO         4602    i.TIM_ITConfig      stm32f4xx_tim.o
    0x0800b4e0   0x0800b4e0   0x000001f8   Code   RO         4606    i.TIM_OC1Init       stm32f4xx_tim.o
    0x0800b6d8   0x0800b6d8   0x000001f8   Code   RO         4611    i.TIM_OC2Init       stm32f4xx_tim.o
    0x0800b8d0   0x0800b8d0   0x000001e0   Code   RO         4616    i.TIM_OC3Init       stm32f4xx_tim.o
    0x0800bab0   0x0800bab0   0x000000a8   Code   RO         4619    i.TIM_OC3PreloadConfig  stm32f4xx_tim.o
    0x0800bb58   0x0800bb58   0x00000174   Code   RO         4621    i.TIM_OC4Init       stm32f4xx_tim.o
    0x0800bccc   0x0800bccc   0x000000b0   Code   RO         4623    i.TIM_OC4PreloadConfig  stm32f4xx_tim.o
    0x0800bd7c   0x0800bd7c   0x00000014   Code   RO         4624    i.TIM_OCStructInit  stm32f4xx_tim.o
    0x0800bd90   0x0800bd90   0x000000f0   Code   RO         4644    i.TIM_SetIC1Prescaler  stm32f4xx_tim.o
    0x0800be80   0x0800be80   0x000000d0   Code   RO         4645    i.TIM_SetIC2Prescaler  stm32f4xx_tim.o
    0x0800bf50   0x0800bf50   0x000000b4   Code   RO         4646    i.TIM_SetIC3Prescaler  stm32f4xx_tim.o
    0x0800c004   0x0800c004   0x000000bc   Code   RO         4647    i.TIM_SetIC4Prescaler  stm32f4xx_tim.o
    0x0800c0c0   0x0800c0c0   0x00000188   Code   RO         4649    i.TIM_TimeBaseInit  stm32f4xx_tim.o
    0x0800c248   0x0800c248   0x00000012   Code   RO         4650    i.TIM_TimeBaseStructInit  stm32f4xx_tim.o
    0x0800c25a   0x0800c25a   0x00000008   Code   RO          774    i.UART4_IRQHandler  stm32f4xx_it.o
    0x0800c262   0x0800c262   0x00000008   Code   RO          775    i.UART5_IRQHandler  stm32f4xx_it.o
    0x0800c26a   0x0800c26a   0x00000002   PAD
    0x0800c26c   0x0800c26c   0x00000030   Code   RO         1878    i.UART_Write_D      drv_gps.o
    0x0800c29c   0x0800c29c   0x00000008   Code   RO          776    i.USART1_IRQHandler  stm32f4xx_it.o
    0x0800c2a4   0x0800c2a4   0x00000090   Code   RO         1750    i.USART2_IRQHandler  dbus.o
    0x0800c334   0x0800c334   0x000000f8   Code   RO         5120    i.USART_ClearITPendingBit  stm32f4xx_usart.o
    0x0800c42c   0x0800c42c   0x000000b4   Code   RO         5123    i.USART_Cmd         stm32f4xx_usart.o
    0x0800c4e0   0x0800c4e0   0x000000c8   Code   RO         5124    i.USART_DMACmd      stm32f4xx_usart.o
    0x0800c5a8   0x0800c5a8   0x00000120   Code   RO         5125    i.USART_DeInit      stm32f4xx_usart.o
    0x0800c6c8   0x0800c6c8   0x00000100   Code   RO         5126    i.USART_GetFlagStatus  stm32f4xx_usart.o
    0x0800c7c8   0x0800c7c8   0x0000016c   Code   RO         5127    i.USART_GetITStatus  stm32f4xx_usart.o
    0x0800c934   0x0800c934   0x00000158   Code   RO         5129    i.USART_ITConfig    stm32f4xx_usart.o
    0x0800ca8c   0x0800ca8c   0x00000220   Code   RO         5130    i.USART_Init        stm32f4xx_usart.o
    0x0800ccac   0x0800ccac   0x00000090   Code   RO         5137    i.USART_ReceiveData  stm32f4xx_usart.o
    0x0800cd3c   0x0800cd3c   0x000000a4   Code   RO         5140    i.USART_SendData    stm32f4xx_usart.o
    0x0800cde0   0x0800cde0   0x00000018   Code   RO         5146    i.USART_StructInit  stm32f4xx_usart.o
    0x0800cdf8   0x0800cdf8   0x000000b4   Code   RO         2681    i.USBD_ClrStallEP   usbd_stm32f4xx_fs.o
    0x0800ceac   0x0800ceac   0x000000c8   Code   RO         2682    i.USBD_ConfigEP     usbd_stm32f4xx_fs.o
    0x0800cf74   0x0800cf74   0x00000014   Code   RO         2683    i.USBD_Configure    usbd_stm32f4xx_fs.o
    0x0800cf88   0x0800cf88   0x00000004   Code   RO          847    i.USBD_Configure_Event  usb_config.o
    0x0800cf8c   0x0800cf8c   0x00000044   Code   RO         2684    i.USBD_Connect      usbd_stm32f4xx_fs.o
    0x0800cfd0   0x0800cfd0   0x00000050   Code   RO         5401    i.USBD_DataInStage  usbd_core.o
    0x0800d020   0x0800d020   0x00000028   Code   RO         5402    i.USBD_DataOutStage  usbd_core.o
    0x0800d048   0x0800d048   0x00000002   Code   RO         2685    i.USBD_DirCtrlEP    usbd_stm32f4xx_fs.o
    0x0800d04a   0x0800d04a   0x00000002   PAD
    0x0800d04c   0x0800d04c   0x000001a0   Code   RO         2686    i.USBD_DisableEP    usbd_stm32f4xx_fs.o
    0x0800d1ec   0x0800d1ec   0x000000d4   Code   RO         2687    i.USBD_EnableEP     usbd_stm32f4xx_fs.o
    0x0800d2c0   0x0800d2c0   0x00000284   Code   RO         5403    i.USBD_EndPoint0    usbd_core.o
    0x0800d544   0x0800d544   0x00000004   Code   RO          850    i.USBD_EndPoint0_Out_CDC_ReqToIF  usb_config.o
    0x0800d548   0x0800d548   0x00000034   Code   RO         5538    i.USBD_EndPoint0_Out_HID_ReqToIF  usbd_core_hid.o
    0x0800d57c   0x0800d57c   0x00000004   Code   RO          857    i.USBD_EndPoint0_Setup_CDC_ReqToIF  usb_config.o
    0x0800d580   0x0800d580   0x000000e4   Code   RO         5539    i.USBD_EndPoint0_Setup_HID_ReqToIF  usbd_core_hid.o
    0x0800d664   0x0800d664   0x00000004   Code   RO          861    i.USBD_EndPoint0_Setup_MSC_ReqToIF  usb_config.o
    0x0800d668   0x0800d668   0x0000003c   Code   RO         2688    i.USBD_FlushInEpFifo  usbd_stm32f4xx_fs.o
    0x0800d6a4   0x0800d6a4   0x00000010   Code   RO         2689    i.USBD_GetFrame     usbd_stm32f4xx_fs.o
    0x0800d6b4   0x0800d6b4   0x0000005c   Code   RO         5562    i.USBD_HID_Configure_Event  usbd_hid.o
    0x0800d710   0x0800d710   0x000001d0   Code   RO         5563    i.USBD_HID_EP_INTIN_Event  usbd_hid.o
    0x0800d8e0   0x0800d8e0   0x000000b0   Code   RO         5564    i.USBD_HID_EP_INTOUT_Event  usbd_hid.o
    0x0800d990   0x0800d990   0x0000001e   Code   RO         5565    i.USBD_HID_EP_INT_Event  usbd_hid.o
    0x0800d9ae   0x0800d9ae   0x00000002   PAD
    0x0800d9b0   0x0800d9b0   0x0000001c   Code   RO         5566    i.USBD_HID_GetIdle  usbd_hid.o
    0x0800d9cc   0x0800d9cc   0x00000014   Code   RO         5567    i.USBD_HID_GetProtocol  usbd_hid.o
    0x0800d9e0   0x0800d9e0   0x00000044   Code   RO         5568    i.USBD_HID_GetReport  usbd_hid.o
    0x0800da24   0x0800da24   0x00000178   Code   RO         5569    i.USBD_HID_SOF_Event  usbd_hid.o
    0x0800db9c   0x0800db9c   0x0000003c   Code   RO         5570    i.USBD_HID_SetIdle  usbd_hid.o
    0x0800dbd8   0x0800dbd8   0x00000014   Code   RO         5571    i.USBD_HID_SetProtocol  usbd_hid.o
    0x0800dbec   0x0800dbec   0x00000048   Code   RO         5572    i.USBD_HID_SetReport  usbd_hid.o
    0x0800dc34   0x0800dc34   0x000001e4   Code   RO         2690    i.USBD_Init         usbd_stm32f4xx_fs.o
    0x0800de18   0x0800de18   0x0000001a   Code   RO         2691    i.USBD_IntrEna      usbd_stm32f4xx_fs.o
    0x0800de32   0x0800de32   0x00000002   Code   RO          862    i.USBD_RTX_TaskInit  usb_config.o
    0x0800de34   0x0800de34   0x000000e0   Code   RO         2692    i.USBD_ReadEP       usbd_stm32f4xx_fs.o
    0x0800df14   0x0800df14   0x00000002   Code   RO          863    i.USBD_ReqClrFeature_MSC  usb_config.o
    0x0800df16   0x0800df16   0x00000002   PAD
    0x0800df18   0x0800df18   0x00000028   Code   RO         5404    i.USBD_ReqGetConfiguration  usbd_core.o
    0x0800df40   0x0800df40   0x000001b4   Code   RO         5405    i.USBD_ReqGetDescriptor  usbd_core.o
    0x0800e0f4   0x0800e0f4   0x000000ac   Code   RO         5540    i.USBD_ReqGetDescriptor_HID  usbd_core_hid.o
    0x0800e1a0   0x0800e1a0   0x00000050   Code   RO         5406    i.USBD_ReqGetInterface  usbd_core.o
    0x0800e1f0   0x0800e1f0   0x000000c0   Code   RO         5407    i.USBD_ReqGetStatus  usbd_core.o
    0x0800e2b0   0x0800e2b0   0x000000f0   Code   RO         5408    i.USBD_ReqSetClrFeature  usbd_core.o
    0x0800e3a0   0x0800e3a0   0x000001e4   Code   RO         5409    i.USBD_ReqSetConfiguration  usbd_core.o
    0x0800e584   0x0800e584   0x00000158   Code   RO         5410    i.USBD_ReqSetInterface  usbd_core.o
    0x0800e6dc   0x0800e6dc   0x000000dc   Code   RO         2693    i.USBD_Reset        usbd_stm32f4xx_fs.o
    0x0800e7b8   0x0800e7b8   0x000000c0   Code   RO         2694    i.USBD_ResetEP      usbd_stm32f4xx_fs.o
    0x0800e878   0x0800e878   0x00000002   Code   RO         2695    i.USBD_Resume       usbd_stm32f4xx_fs.o
    0x0800e87a   0x0800e87a   0x00000004   Code   RO          864    i.USBD_SOF_Event    usb_config.o
    0x0800e87e   0x0800e87e   0x00000002   PAD
    0x0800e880   0x0800e880   0x00000018   Code   RO         2696    i.USBD_SetAddress   usbd_stm32f4xx_fs.o
    0x0800e898   0x0800e898   0x000000f8   Code   RO         2697    i.USBD_SetStallEP   usbd_stm32f4xx_fs.o
    0x0800e990   0x0800e990   0x00000010   Code   RO         5411    i.USBD_SetupStage   usbd_core.o
    0x0800e9a0   0x0800e9a0   0x0000000e   Code   RO         5412    i.USBD_StatusInStage  usbd_core.o
    0x0800e9ae   0x0800e9ae   0x00000002   PAD
    0x0800e9b0   0x0800e9b0   0x00000010   Code   RO         5413    i.USBD_StatusOutStage  usbd_core.o
    0x0800e9c0   0x0800e9c0   0x00000002   Code   RO         2698    i.USBD_Suspend      usbd_stm32f4xx_fs.o
    0x0800e9c2   0x0800e9c2   0x00000002   Code   RO         2700    i.USBD_WakeUpCfg    usbd_stm32f4xx_fs.o
    0x0800e9c4   0x0800e9c4   0x00000178   Code   RO         2701    i.USBD_WriteEP      usbd_stm32f4xx_fs.o
    0x0800eb3c   0x0800eb3c   0x000000a8   Code   RO         1879    i.Uart1_GPS_IRQ     drv_gps.o
    0x0800ebe4   0x0800ebe4   0x00000078   Code   RO         2490    i.Uart4_IRQ         drv_usart.o
    0x0800ec5c   0x0800ec5c   0x000000cc   Code   RO         2491    i.Uart4_Init        drv_usart.o
    0x0800ed28   0x0800ed28   0x0000006c   Code   RO         2492    i.Uart5_IRQ         drv_usart.o
    0x0800ed94   0x0800ed94   0x00000004   Code   RO          777    i.UsageFault_Handler  stm32f4xx_it.o
    0x0800ed98   0x0800ed98   0x0000002c   Code   RO          603    i.Usb_Hid_Adddata   ano_usb.o
    0x0800edc4   0x0800edc4   0x0000000e   Code   RO          604    i.Usb_Hid_Init      ano_usb.o
    0x0800edd2   0x0800edd2   0x00000002   PAD
    0x0800edd4   0x0800edd4   0x000001b0   Code   RO          605    i.Usb_Hid_Send      ano_usb.o
    0x0800ef84   0x0800ef84   0x00000084   Code   RO         5674    i.VL53L0X_CheckAndLoadInterruptSettings  vl53l0x_api.o
    0x0800f008   0x0800f008   0x00000052   Code   RO         5675    i.VL53L0X_ClearInterruptMask  vl53l0x_api.o
    0x0800f05a   0x0800f05a   0x00000002   PAD
    0x0800f05c   0x0800f05c   0x000001a0   Code   RO         5676    i.VL53L0X_DataInit  vl53l0x_api.o
    0x0800f1fc   0x0800f1fc   0x00000030   Code   RO         6759    i.VL53L0X_FastRead  vl53l0x_platform.o
    0x0800f22c   0x0800f22c   0x00000016   Code   RO         5680    i.VL53L0X_GetDeviceInfo  vl53l0x_api.o
    0x0800f242   0x0800f242   0x0000000a   Code   RO         5681    i.VL53L0X_GetDeviceMode  vl53l0x_api.o
    0x0800f24c   0x0800f24c   0x000000a0   Code   RO         5682    i.VL53L0X_GetDeviceParameters  vl53l0x_api.o
    0x0800f2ec   0x0800f2ec   0x00000022   Code   RO         5684    i.VL53L0X_GetFractionEnable  vl53l0x_api.o
    0x0800f30e   0x0800f30e   0x0000003e   Code   RO         5688    i.VL53L0X_GetInterMeasurementPeriodMilliSeconds  vl53l0x_api.o
    0x0800f34c   0x0800f34c   0x00000030   Code   RO         5689    i.VL53L0X_GetInterruptMaskStatus  vl53l0x_api.o
    0x0800f37c   0x0800f37c   0x00000042   Code   RO         5690    i.VL53L0X_GetInterruptThresholds  vl53l0x_api.o
    0x0800f3be   0x0800f3be   0x0000001c   Code   RO         5692    i.VL53L0X_GetLimitCheckEnable  vl53l0x_api.o
    0x0800f3da   0x0800f3da   0x000000b6   Code   RO         5695    i.VL53L0X_GetLimitCheckValue  vl53l0x_api.o
    0x0800f490   0x0800f490   0x00000056   Code   RO         5698    i.VL53L0X_GetMeasurementDataReady  vl53l0x_api.o
    0x0800f4e6   0x0800f4e6   0x00000016   Code   RO         5700    i.VL53L0X_GetMeasurementTimingBudgetMicroSeconds  vl53l0x_api.o
    0x0800f4fc   0x0800f4fc   0x00000016   Code   RO         5704    i.VL53L0X_GetOffsetCalibrationDataMicroMeter  vl53l0x_api.o
    0x0800f512   0x0800f512   0x0000016e   Code   RO         5712    i.VL53L0X_GetRangingMeasurementData  vl53l0x_api.o
    0x0800f680   0x0800f680   0x00000076   Code   RO         5716    i.VL53L0X_GetSequenceStepEnables  vl53l0x_api.o
    0x0800f6f6   0x0800f6f6   0x00000052   Code   RO         5717    i.VL53L0X_GetSequenceStepTimeout  vl53l0x_api.o
    0x0800f748   0x0800f748   0x0000001e   Code   RO         5725    i.VL53L0X_GetVcselPulsePeriod  vl53l0x_api.o
    0x0800f766   0x0800f766   0x0000003e   Code   RO         5727    i.VL53L0X_GetWrapAroundCheckEnable  vl53l0x_api.o
    0x0800f7a4   0x0800f7a4   0x0000000c   Code   RO         5728    i.VL53L0X_GetXTalkCompensationEnable  vl53l0x_api.o
    0x0800f7b0   0x0800f7b0   0x00000038   Code   RO         5729    i.VL53L0X_GetXTalkCompensationRateMegaCps  vl53l0x_api.o
    0x0800f7e8   0x0800f7e8   0x00000078   Code   RO         6761    i.VL53L0X_Init      vl53l0x_platform.o
    0x0800f860   0x0800f860   0x0000003c   Code   RO         5734    i.VL53L0X_PerformSingleMeasurement  vl53l0x_api.o
    0x0800f89c   0x0800f89c   0x00000038   Code   RO         5735    i.VL53L0X_PerformSingleRangingMeasurement  vl53l0x_api.o
    0x0800f8d4   0x0800f8d4   0x0000002c   Code   RO         6764    i.VL53L0X_RdByte    vl53l0x_platform.o
    0x0800f900   0x0800f900   0x0000002c   Code   RO         6765    i.VL53L0X_RdDWord   vl53l0x_platform.o
    0x0800f92c   0x0800f92c   0x0000002c   Code   RO         6766    i.VL53L0X_RdWord    vl53l0x_platform.o
    0x0800f958   0x0800f958   0x00000036   Code   RO         6767    i.VL53L0X_ReadMulti  vl53l0x_platform.o
    0x0800f98e   0x0800f98e   0x00000032   Code   RO         5740    i.VL53L0X_SetDeviceMode  vl53l0x_api.o
    0x0800f9c0   0x0800f9c0   0x00000166   Code   RO         5743    i.VL53L0X_SetGpioConfig  vl53l0x_api.o
    0x0800fb26   0x0800fb26   0x000000c2   Code   RO         5748    i.VL53L0X_SetLimitCheckEnable  vl53l0x_api.o
    0x0800fbe8   0x0800fbe8   0x00000076   Code   RO         5749    i.VL53L0X_SetLimitCheckValue  vl53l0x_api.o
    0x0800fc5e   0x0800fc5e   0x00000016   Code   RO         5751    i.VL53L0X_SetMeasurementTimingBudgetMicroSeconds  vl53l0x_api.o
    0x0800fc74   0x0800fc74   0x0000001e   Code   RO         5756    i.VL53L0X_SetRefCalibration  vl53l0x_api.o
    0x0800fc92   0x0800fc92   0x0000001e   Code   RO         5757    i.VL53L0X_SetReferenceSpads  vl53l0x_api.o
    0x0800fcb0   0x0800fcb0   0x000000c4   Code   RO         5758    i.VL53L0X_SetSequenceStepEnable  vl53l0x_api.o
    0x0800fd74   0x0800fd74   0x0000001e   Code   RO         5763    i.VL53L0X_SetVcselPulsePeriod  vl53l0x_api.o
    0x0800fd92   0x0800fd92   0x00000108   Code   RO         5767    i.VL53L0X_StartMeasurement  vl53l0x_api.o
    0x0800fe9a   0x0800fe9a   0x00000002   PAD
    0x0800fe9c   0x0800fe9c   0x000001a0   Code   RO         5768    i.VL53L0X_StaticInit  vl53l0x_api.o
    0x0801003c   0x0801003c   0x00000052   Code   RO         6769    i.VL53L0X_UpdateByte  vl53l0x_platform.o
    0x0801008e   0x0801008e   0x0000002c   Code   RO         6770    i.VL53L0X_WrByte    vl53l0x_platform.o
    0x080100ba   0x080100ba   0x0000002c   Code   RO         6772    i.VL53L0X_WrWord    vl53l0x_platform.o
    0x080100e6   0x080100e6   0x0000003c   Code   RO         6773    i.VL53L0X_WriteMulti  vl53l0x_platform.o
    0x08010122   0x08010122   0x00000002   PAD
    0x08010124   0x08010124   0x0000018c   Code   RO         6461    i.VL53L0X_calc_dmax  vl53l0x_api_core.o
    0x080102b0   0x080102b0   0x00000016   Code   RO         6462    i.VL53L0X_calc_macro_period_ps  vl53l0x_api_core.o
    0x080102c6   0x080102c6   0x00000002   PAD
    0x080102c8   0x080102c8   0x000002b0   Code   RO         6463    i.VL53L0X_calc_sigma_estimate  vl53l0x_api_core.o
    0x08010578   0x08010578   0x00000034   Code   RO         6464    i.VL53L0X_calc_timeout_mclks  vl53l0x_api_core.o
    0x080105ac   0x080105ac   0x00000036   Code   RO         6465    i.VL53L0X_calc_timeout_us  vl53l0x_api_core.o
    0x080105e2   0x080105e2   0x00000002   PAD
    0x080105e4   0x080105e4   0x00000050   Code   RO         6639    i.VL53L0X_check_part_used  vl53l0x_api_strings.o
    0x08010634   0x08010634   0x0000000e   Code   RO         6466    i.VL53L0X_decode_timeout  vl53l0x_api_core.o
    0x08010642   0x08010642   0x0000000c   Code   RO         6467    i.VL53L0X_decode_vcsel_period  vl53l0x_api_core.o
    0x0801064e   0x0801064e   0x0000004e   Code   RO         6468    i.VL53L0X_device_read_strobe  vl53l0x_api_core.o
    0x0801069c   0x0801069c   0x00000028   Code   RO         6469    i.VL53L0X_encode_timeout  vl53l0x_api_core.o
    0x080106c4   0x080106c4   0x0000000e   Code   RO         6470    i.VL53L0X_encode_vcsel_period  vl53l0x_api_core.o
    0x080106d2   0x080106d2   0x00000002   PAD
    0x080106d4   0x080106d4   0x000000dc   Code   RO         6641    i.VL53L0X_get_device_info  vl53l0x_api_strings.o
    0x080107b0   0x080107b0   0x00000542   Code   RO         6471    i.VL53L0X_get_info_from_device  vl53l0x_api_core.o
    0x08010cf2   0x08010cf2   0x000000ee   Code   RO         6472    i.VL53L0X_get_measurement_timing_budget_micro_seconds  vl53l0x_api_core.o
    0x08010de0   0x08010de0   0x00000056   Code   RO         6307    i.VL53L0X_get_offset_calibration_data_micro_meter  vl53l0x_api_calibration.o
    0x08010e36   0x08010e36   0x00000234   Code   RO         6473    i.VL53L0X_get_pal_range_status  vl53l0x_api_core.o
    0x0801106a   0x0801106a   0x00000028   Code   RO         6474    i.VL53L0X_get_total_signal_rate  vl53l0x_api_core.o
    0x08011092   0x08011092   0x0000003a   Code   RO         6475    i.VL53L0X_get_total_xtalk_rate  vl53l0x_api_core.o
    0x080110cc   0x080110cc   0x00000046   Code   RO         6476    i.VL53L0X_get_vcsel_pulse_period  vl53l0x_api_core.o
    0x08011112   0x08011112   0x0000002c   Code   RO         6477    i.VL53L0X_isqrt     vl53l0x_api_core.o
    0x0801113e   0x0801113e   0x000000ea   Code   RO         6478    i.VL53L0X_load_tuning_settings  vl53l0x_api_core.o
    0x08011228   0x08011228   0x0000003a   Code   RO         6479    i.VL53L0X_measurement_poll_for_completion  vl53l0x_api_core.o
    0x08011262   0x08011262   0x0000007c   Code   RO         6311    i.VL53L0X_perform_phase_calibration  vl53l0x_api_calibration.o
    0x080112de   0x080112de   0x0000004c   Code   RO         6312    i.VL53L0X_perform_ref_calibration  vl53l0x_api_calibration.o
    0x0801132a   0x0801132a   0x00000292   Code   RO         6313    i.VL53L0X_perform_ref_spad_management  vl53l0x_api_calibration.o
    0x080115bc   0x080115bc   0x00000040   Code   RO         6314    i.VL53L0X_perform_single_ref_calibration  vl53l0x_api_calibration.o
    0x080115fc   0x080115fc   0x0000007e   Code   RO         6315    i.VL53L0X_perform_vhv_calibration  vl53l0x_api_calibration.o
    0x0801167a   0x0801167a   0x00000024   Code   RO         6701    i.VL53L0X_read_byte  vl53l0x_i2c.o
    0x0801169e   0x0801169e   0x0000003a   Code   RO         6702    i.VL53L0X_read_dword  vl53l0x_i2c.o
    0x080116d8   0x080116d8   0x0000002a   Code   RO         6703    i.VL53L0X_read_multi  vl53l0x_i2c.o
    0x08011702   0x08011702   0x0000002a   Code   RO         6704    i.VL53L0X_read_word  vl53l0x_i2c.o
    0x0801172c   0x0801172c   0x000000b0   Code   RO         6317    i.VL53L0X_ref_calibration_io  vl53l0x_api_calibration.o
    0x080117dc   0x080117dc   0x00000128   Code   RO         6482    i.VL53L0X_set_measurement_timing_budget_micro_seconds  vl53l0x_api_core.o
    0x08011904   0x08011904   0x0000002e   Code   RO         6319    i.VL53L0X_set_ref_calibration  vl53l0x_api_calibration.o
    0x08011932   0x08011932   0x000000c2   Code   RO         6320    i.VL53L0X_set_reference_spads  vl53l0x_api_calibration.o
    0x080119f4   0x080119f4   0x000002fe   Code   RO         6483    i.VL53L0X_set_vcsel_pulse_period  vl53l0x_api_core.o
    0x08011cf2   0x08011cf2   0x0000001c   Code   RO         6705    i.VL53L0X_write_byte  vl53l0x_i2c.o
    0x08011d0e   0x08011d0e   0x0000002a   Code   RO         6707    i.VL53L0X_write_multi  vl53l0x_i2c.o
    0x08011d38   0x08011d38   0x0000005a   Code   RO         6708    i.VL53L0X_write_word  vl53l0x_i2c.o
    0x08011d92   0x08011d92   0x00000002   PAD
    0x08011d94   0x08011d94   0x00000054   Code   RO         1880    i.WCXY_Acc_Get_Task  drv_gps.o
    0x08011de8   0x08011de8   0x00000030   Code   RO         1581    i.WCZ_Acc_Get_Task  ano_flightdatacal.o
    0x08011e18   0x08011e18   0x00000254   Code   RO         1285    i.WCZ_Data_Calc     ano_motioncal.o
    0x0801206c   0x0801206c   0x00000058   Code   RO         1286    i.WCZ_Data_Reset    ano_motioncal.o
    0x080120c4   0x080120c4   0x00000214   Code   RO         1582    i.WCZ_Fus_Task      ano_flightdatacal.o
    0x080122d8   0x080122d8   0x000002b4   Code   RO         2209    i._TIM3_IRQHandler  drv_pwm_in.o
    0x0801258c   0x0801258c   0x00000210   Code   RO         2210    i._TIM4_IRQHandler  drv_pwm_in.o
    0x0801279c   0x0801279c   0x0000001c   Code   RO         1830    i.ak8975_Trig       drv_ak8975.o
    0x080127b8   0x080127b8   0x00000020   Code   RO         1831    i.ak8975_enable     drv_ak8975.o
    0x080127d8   0x080127d8   0x00000004   Code   RO          744    i.assert_failed     main.o
    0x080127dc   0x080127dc   0x0000012c   Code   RO         1138    i.calculate_RPY     ano_imu.o
    0x08012908   0x08012908   0x00000068   Code   RO          446    i.ch_watch_dog      ano_rc.o
    0x08012970   0x08012970   0x00000024   Code   RO          447    i.ch_watch_dog_feed  ano_rc.o
    0x08012994   0x08012994   0x00000024   Code   RO         1491    i.ctrl_parameter_change_task  ano_flightctrl.o
    0x080129b8   0x080129b8   0x00000020   Code   RO          998    i.data_save         ano_fcdata.o
    0x080129d8   0x080129d8   0x000000b4   Code   RO         1751    i.debusInit         dbus.o
    0x08012a8c   0x08012a8c   0x000000ac   Code   RO         6322    i.enable_ref_spads  vl53l0x_api_calibration.o
    0x08012b38   0x08012b38   0x00000032   Code   RO         6323    i.enable_spad_bit   vl53l0x_api_calibration.o
    0x08012b6a   0x08012b6a   0x00000002   PAD
    0x08012b6c   0x08012b6c   0x00000058   Code   RO          448    i.fail_safe         ano_rc.o
    0x08012bc4   0x08012bc4   0x000000ec   Code   RO          449    i.fail_safe_check   ano_rc.o
    0x08012cb0   0x08012cb0   0x0000017c   Code   RO         1189    i.fast_atan2        ano_math.o
    0x08012e2c   0x08012e2c   0x00000080   Code   RO         1030    i.fix_inte_filter   ano_filter.o
    0x08012eac   0x08012eac   0x00000068   Code   RO         6324    i.get_next_good_spad  vl53l0x_api_calibration.o
    0x08012f14   0x08012f14   0x00000018   Code   RO         6325    i.get_ref_spad_map  vl53l0x_api_calibration.o
    0x08012f2c   0x08012f2c   0x00000122   Code   RO         6484    i.get_sequence_step_timeout  vl53l0x_api_core.o
    0x0801304e   0x0801304e   0x00000002   PAD
    0x08013050   0x08013050   0x00000028   Code   RO         1881    i.gps_baudrate_config  drv_gps.o
    0x08013078   0x08013078   0x00000040   Code   RO         1882    i.gps_config        drv_gps.o
    0x080130b8   0x080130b8   0x00000084   Code   RO         2060    i.icm20602_INT_Config  drv_icm20602.o
    0x0801313c   0x0801313c   0x00000020   Code   RO         2061    i.icm20602_enable   drv_icm20602.o
    0x0801315c   0x0801315c   0x00000026   Code   RO         2062    i.icm20602_readbuf  drv_icm20602.o
    0x08013182   0x08013182   0x00000036   Code   RO         2063    i.icm20602_setIntEnabled  drv_icm20602.o
    0x080131b8   0x080131b8   0x0000003c   Code   RO         2064    i.icm20602_writeBit  drv_icm20602.o
    0x080131f4   0x080131f4   0x00000024   Code   RO         2065    i.icm20602_writebyte  drv_icm20602.o
    0x08013218   0x08013218   0x00000070   Code   RO         1801    i.initAdcDMA        drv_adc.o
    0x08013288   0x08013288   0x0000008a   Code   RO         1031    i.inte_fix_filter   ano_filter.o
    0x08013312   0x08013312   0x00000002   PAD
    0x08013314   0x08013314   0x00000018   Code   RO         6326    i.is_aperture       vl53l0x_api_calibration.o
    0x0801332c   0x0801332c   0x000000e4   Code   RO         1492    i.land_discriminat  ano_flightctrl.o
    0x08013410   0x08013410   0x00000154   Code   RO         2157    i.ledBreath         drv_led.o
    0x08013564   0x08013564   0x00000044   Code   RO         2158    i.ledFlash          drv_led.o
    0x080135a8   0x080135a8   0x00000040   Code   RO         2159    i.ledOnOff          drv_led.o
    0x080135e8   0x080135e8   0x00000090   Code   RO         1191    i.length_limit      ano_math.o
    0x08013678   0x08013678   0x00000040   Code   RO         1140    i.mag_yaw_calculate  ano_imu.o
    0x080136b8   0x080136b8   0x00000018   Code   RO          745    i.main              main.o
    0x080136d0   0x080136d0   0x00000128   Code   RO         2066    i.motionless_check  drv_icm20602.o
    0x080137f8   0x080137f8   0x000000e8   Code   RO         2067    i.mpu_auto_az       drv_icm20602.o
    0x080138e0   0x080138e0   0x0000001a   Code   RO         1194    i.my_abs            ano_math.o
    0x080138fa   0x080138fa   0x00000036   Code   RO         1197    i.my_deadzone       ano_math.o
    0x08013930   0x08013930   0x00000014   Code   RO         1200    i.my_sqrt           ano_math.o
    0x08013944   0x08013944   0x00000050   Code   RO         1201    i.my_sqrt_reciprocal  ano_math.o
    0x08013994   0x08013994   0x00000040   Code   RO         1496    i.one_key_take_off_task  ano_flightctrl.o
    0x080139d4   0x080139d4   0x0000006e   Code   RO         6327    i.perform_ref_signal_measurement  vl53l0x_api_calibration.o
    0x08013a42   0x08013a42   0x00000002   PAD
    0x08013a44   0x08013a44   0x000000e4   Code   RO         1752    i.remoteDataProcess  dbus.o
    0x08013b28   0x08013b28   0x00000048   Code   RO         5772    i.sequence_step_enabled  vl53l0x_api.o
    0x08013b70   0x08013b70   0x00000018   Code   RO         6328    i.set_ref_spad_map  vl53l0x_api_calibration.o
    0x08013b88   0x08013b88   0x0000013a   Code   RO         6485    i.set_sequence_step_timeout  vl53l0x_api_core.o
    0x08013cc2   0x08013cc2   0x00000002   PAD
    0x08013cc4   0x08013cc4   0x000000fc   Code   RO         1036    i.simple_3d_trans   ano_filter.o
    0x08013dc0   0x08013dc0   0x000001bc   Code   RO         2306    i.spl0601_get_calib_param  drv_spl06.o
    0x08013f7c   0x08013f7c   0x000000dc   Code   RO         2307    i.spl0601_get_pressure  drv_spl06.o
    0x08014058   0x08014058   0x00000064   Code   RO         2308    i.spl0601_get_raw_pressure  drv_spl06.o
    0x080140bc   0x080140bc   0x00000068   Code   RO         2309    i.spl0601_get_raw_temp  drv_spl06.o
    0x08014124   0x08014124   0x00000094   Code   RO         2310    i.spl0601_get_temperature  drv_spl06.o
    0x080141b8   0x080141b8   0x00000138   Code   RO         2311    i.spl0601_rateset   drv_spl06.o
    0x080142f0   0x080142f0   0x00000024   Code   RO         2312    i.spl0601_read      drv_spl06.o
    0x08014314   0x08014314   0x00000010   Code   RO         2313    i.spl0601_start_continuous  drv_spl06.o
    0x08014324   0x08014324   0x00000020   Code   RO         2316    i.spl0601_write     drv_spl06.o
    0x08014344   0x08014344   0x00000020   Code   RO         2317    i.spl06_enable      drv_spl06.o
    0x08014364   0x08014364   0x0000017c   Code   RO          450    i.stick_function    ano_rc.o
    0x080144e0   0x080144e0   0x00000042   Code   RO          451    i.stick_function_check  ano_rc.o
    0x08014522   0x08014522   0x00000026   Code   RO          452    i.stick_function_check_longpress  ano_rc.o
    0x08014548   0x08014548   0x00000010   Code   RO         2414    i.sys_time          drv_time.o
    0x08014558   0x08014558   0x000001d0   Code   RO          453    i.unlock            ano_rc.o
    0x08014728   0x08014728   0x00000004   Code   RO          865    i.usbd_class_init   usb_config.o
    0x0801472c   0x0801472c   0x0000000c   Code   RO         5415    i.usbd_connect      usbd_core.o
    0x08014738   0x08014738   0x00000004   Code   RO         5573    i.usbd_hid_get_protocol  usbd_hid.o
    0x0801473c   0x0801473c   0x00000036   Code   RO          606    i.usbd_hid_get_report  ano_usb.o
    0x08014772   0x08014772   0x00000002   PAD
    0x08014774   0x08014774   0x000000b8   Code   RO         5575    i.usbd_hid_get_report_trigger  usbd_hid.o
    0x0801482c   0x0801482c   0x00000002   Code   RO         5576    i.usbd_hid_init     usbd_hid.o
    0x0801482e   0x0801482e   0x00000002   Code   RO         5577    i.usbd_hid_set_protocol  usbd_hid.o
    0x08014830   0x08014830   0x00000036   Code   RO          607    i.usbd_hid_set_report  ano_usb.o
    0x08014866   0x08014866   0x00000002   PAD
    0x08014868   0x08014868   0x0000001c   Code   RO         5416    i.usbd_init         usbd_core.o
    0x08014884   0x08014884   0x00000044   Code   RO         5417    i.usbd_reset_core   usbd_core.o
    0x080148c8   0x080148c8   0x00000030   Code   RO         2702    i.usbd_stm32_delay  usbd_stm32f4xx_fs.o
    0x080148f8   0x080148f8   0x00000014   Code   RO         1039    i.vec_3dh_transition  ano_filter.o
    0x0801490c   0x0801490c   0x000000bc   Code   RO         6774    i.vl53l0x_measure_init  vl53l0x_platform.o
    0x080149c8   0x080149c8   0x0000003e   Code   RO         1141    i.w2h_2d_trans      ano_imu.o
    0x08014a06   0x08014a06   0x00000002   PAD
    0x08014a08   0x08014a08   0x00000062   Code   RO         6892    x$fpl$d2f           fz_wm.l(d2f.o)
    0x08014a6a   0x08014a6a   0x00000002   PAD
    0x08014a6c   0x08014a6c   0x00000150   Code   RO         6894    x$fpl$dadd          fz_wm.l(daddsub_clz.o)
    0x08014bbc   0x08014bbc   0x0000005e   Code   RO         6900    x$fpl$dfix          fz_wm.l(dfix.o)
    0x08014c1a   0x08014c1a   0x0000002e   Code   RO         6905    x$fpl$dflt          fz_wm.l(dflt_clz.o)
    0x08014c48   0x08014c48   0x00000154   Code   RO         6912    x$fpl$dmul          fz_wm.l(dmul.o)
    0x08014d9c   0x08014d9c   0x0000009c   Code   RO         6921    x$fpl$dnaninf       fz_wm.l(dnaninf.o)
    0x08014e38   0x08014e38   0x0000000c   Code   RO         6923    x$fpl$dretinf       fz_wm.l(dretinf.o)
    0x08014e44   0x08014e44   0x000001d4   Code   RO         6896    x$fpl$dsub          fz_wm.l(daddsub_clz.o)
    0x08015018   0x08015018   0x00000056   Code   RO         6916    x$fpl$f2d           fz_wm.l(f2d.o)
    0x0801506e   0x0801506e   0x0000008c   Code   RO         6925    x$fpl$fnaninf       fz_wm.l(fnaninf.o)
    0x080150fa   0x080150fa   0x0000000a   Code   RO         7014    x$fpl$fpinit        fz_wm.l(fpinit.o)
    0x08015104   0x08015104   0x0000000a   Code   RO         6927    x$fpl$fretinf       fz_wm.l(fretinf.o)
    0x0801510e   0x0801510e   0x00000000   Code   RO         6929    x$fpl$usenofp       fz_wm.l(usenofp.o)
    0x0801510e   0x0801510e   0x00000002   PAD
    0x08015110   0x08015110   0x00000174   Data   RO          870    .constdata          usb_config.o
    0x08015284   0x08015284   0x00000404   Data   RO         1202    .constdata          ano_math.o
    0x08015688   0x08015688   0x0000008f   Data   RO         1884    .constdata          drv_gps.o
    0x08015717   0x08015717   0x00000001   PAD
    0x08015718   0x08015718   0x00000020   Data   RO         7082    Region$$Table       anon$$obj.o


    Execution Region RW_IRAM1 (Exec base: 0x20000000, Load base: 0x08015738, Size: 0x00003778, Max: 0x00020000, ABSOLUTE, COMPRESSED[0x00000318])

    Exec Addr    Load Addr    Size         Type   Attr      Idx    E Section Name        Object

    0x20000000   COMPRESSED   0x00000012   Data   RW           25    .data               ano_dt.o
    0x20000012   COMPRESSED   0x00000002   PAD
    0x20000014   COMPRESSED   0x0000004e   Data   RW          332    .data               ano_of.o
    0x20000062   COMPRESSED   0x00000004   Data   RW          376    .data               ano_parameter.o
    0x20000066   COMPRESSED   0x0000001f   Data   RW          455    .data               ano_rc.o
    0x20000085   COMPRESSED   0x00000003   PAD
    0x20000088   COMPRESSED   0x00000054   Data   RW          531    .data               ano_scheduler.o
    0x200000dc   COMPRESSED   0x00000004   Data   RW          609    .data               ano_usb.o
    0x200000e0   COMPRESSED   0x00000009   Data   RW          871    .data               usb_config.o
    0x200000e9   COMPRESSED   0x0000000e   Data   RW         1000    .data               ano_fcdata.o
    0x200000f7   COMPRESSED   0x00000001   PAD
    0x200000f8   COMPRESSED   0x0000000c   Data   RW         1041    .data               ano_filter.o
    0x20000104   COMPRESSED   0x00000140   Data   RW         1143    .data               ano_imu.o
    0x20000244   COMPRESSED   0x0000001d   Data   RW         1288    .data               ano_motioncal.o
    0x20000261   COMPRESSED   0x00000003   PAD
    0x20000264   COMPRESSED   0x0000000a   Data   RW         1372    .data               ano_altctrl.o
    0x2000026e   COMPRESSED   0x00000002   PAD
    0x20000270   COMPRESSED   0x00000010   Data   RW         1440    .data               ano_attctrl.o
    0x20000280   COMPRESSED   0x00000018   Data   RW         1498    .data               ano_flightctrl.o
    0x20000298   COMPRESSED   0x00000041   Data   RW         1583    .data               ano_flightdatacal.o
    0x200002d9   COMPRESSED   0x00000003   PAD
    0x200002dc   COMPRESSED   0x00000016   Data   RW         1629    .data               ano_locctrl.o
    0x200002f2   COMPRESSED   0x00000002   PAD
    0x200002f4   COMPRESSED   0x00000020   Data   RW         1659    .data               ano_magprocess.o
    0x20000314   COMPRESSED   0x00000012   Data   RW         1698    .data               ano_motorctrl.o
    0x20000326   COMPRESSED   0x00000002   PAD
    0x20000328   COMPRESSED   0x0000000c   Data   RW         1728    .data               ano_power.o
    0x20000334   COMPRESSED   0x00000001   Data   RW         1755    .data               dbus.o
    0x20000335   COMPRESSED   0x00000001   PAD
    0x20000336   COMPRESSED   0x00000002   Data   RW         1802    .data               drv_adc.o
    0x20000338   COMPRESSED   0x00000006   Data   RW         1832    .data               drv_ak8975.o
    0x2000033e   COMPRESSED   0x00000002   PAD
    0x20000340   COMPRESSED   0x00000019   Data   RW         1885    .data               drv_gps.o
    0x20000359   COMPRESSED   0x00000001   Data   RW         1968    .data               drv_i2c_soft.o
    0x2000035a   COMPRESSED   0x00000002   PAD
    0x2000035c   COMPRESSED   0x00000049   Data   RW         2069    .data               drv_icm20602.o
    0x200003a5   COMPRESSED   0x00000003   PAD
    0x200003a8   COMPRESSED   0x00000027   Data   RW         2161    .data               drv_led.o
    0x200003cf   COMPRESSED   0x00000001   PAD
    0x200003d0   COMPRESSED   0x00000024   Data   RW         2212    .data               drv_pwm_in.o
    0x200003f4   COMPRESSED   0x00000020   Data   RW         2319    .data               drv_spl06.o
    0x20000414   COMPRESSED   0x00000008   Data   RW         2415    .data               drv_time.o
    0x2000041c   COMPRESSED   0x00000004   Data   RW         2496    .data               drv_usart.o
    0x20000420   COMPRESSED   0x00000006   Data   RW         2540    .data               drv_vl53l0x.o
    0x20000426   COMPRESSED   0x00000002   PAD
    0x20000428   COMPRESSED   0x00000030   Data   RW         2704    .data               usbd_stm32f4xx_fs.o
    0x20000458   COMPRESSED   0x00000010   Data   RW         4123    .data               stm32f4xx_rcc.o
    0x20000468   COMPRESSED   0x00000014   Data   RW         5371    .data               system_stm32f4xx.o
    0x2000047c   COMPRESSED   0x00000024   Data   RW         5418    .data               usbd_core.o
    0x200004a0   COMPRESSED   0x00000027   Data   RW         5579    .data               usbd_hid.o
    0x200004c7   COMPRESSED   0x000002a9   Data   RW         5773    .data               vl53l0x_api.o
    0x20000770   COMPRESSED   0x00000010   Data   RW         6329    .data               vl53l0x_api_calibration.o
    0x20000780   COMPRESSED   0x00000001   Data   RW         6776    .data               vl53l0x_platform.o
    0x20000781   COMPRESSED   0x00000003   PAD
    0x20000784        -       0x000002d6   Zero   RW           24    .bss                ano_dt.o
    0x20000a5a        -       0x00000032   Zero   RW          331    .bss                ano_of.o
    0x20000a8c        -       0x00001000   Zero   RW          375    .bss                ano_parameter.o
    0x20001a8c        -       0x00000024   Zero   RW          454    .bss                ano_rc.o
    0x20001ab0        -       0x00000024   Zero   RW          530    .bss                ano_scheduler.o
    0x20001ad4        -       0x00000140   Zero   RW          608    .bss                ano_usb.o
    0x20001c14   COMPRESSED   0x00000004   PAD
    0x20001c18        -       0x00000320   Zero   RW          869    .bss                usb_config.o
    0x20001f38        -       0x0000005b   Zero   RW          999    .bss                ano_fcdata.o
    0x20001f93   COMPRESSED   0x00000001   PAD
    0x20001f94        -       0x00000054   Zero   RW         1142    .bss                ano_imu.o
    0x20001fe8        -       0x0000004c   Zero   RW         1287    .bss                ano_motioncal.o
    0x20002034        -       0x00000080   Zero   RW         1371    .bss                ano_altctrl.o
    0x200020b4        -       0x000001e8   Zero   RW         1439    .bss                ano_attctrl.o
    0x2000229c        -       0x0000002c   Zero   RW         1497    .bss                ano_flightctrl.o
    0x200022c8        -       0x00000148   Zero   RW         1628    .bss                ano_locctrl.o
    0x20002410        -       0x00000010   Zero   RW         1697    .bss                ano_motorctrl.o
    0x20002420        -       0x0000002f   Zero   RW         1754    .bss                dbus.o
    0x2000244f   COMPRESSED   0x00000001   PAD
    0x20002450        -       0x000000e8   Zero   RW         1883    .bss                drv_gps.o
    0x20002538        -       0x00000124   Zero   RW         2068    .bss                drv_icm20602.o
    0x2000265c        -       0x0000000f   Zero   RW         2160    .bss                drv_led.o
    0x2000266b   COMPRESSED   0x00000001   PAD
    0x2000266c        -       0x00000020   Zero   RW         2211    .bss                drv_pwm_in.o
    0x2000268c        -       0x0000002c   Zero   RW         2318    .bss                drv_spl06.o
    0x200026b8        -       0x00000200   Zero   RW         2495    .bss                drv_usart.o
    0x200028b8        -       0x0000000c   Zero   RW         2609    .bss                drv_w25qxx.o
    0x200028c4        -       0x00000070   Zero   RW         2703    .bss                usbd_stm32f4xx_fs.o
    0x20002934        -       0x000001e0   Zero   RW         6775    .bss                vl53l0x_platform.o
    0x20002b14        -       0x00000060   Zero   RW         6956    .bss                c_w.l(libspace.o)
    0x20002b74   COMPRESSED   0x00000004   PAD
    0x20002b78        -       0x00000400   Zero   RW         5361    HEAP                startup_stm32f4xx.o
    0x20002f78        -       0x00000800   Zero   RW         5360    STACK               startup_stm32f4xx.o


==============================================================================

Image component sizes


      Code (inc. data)   RO Data    RW Data    ZI Data      Debug   Object Name

      1256        178          0         10        128       3588   ano_altctrl.o
      2372        210          0         16        488       6347   ano_attctrl.o
      7548        306          0         18        726     326190   ano_dt.o
        40         10          0         14         91       3295   ano_fcdata.o
       538         12          0         12          0       4395   ano_filter.o
      1634        200          0         24         44       7339   ano_flightctrl.o
       896        168          0         65          0       4671   ano_flightdatacal.o
      2754        170          0        320         84       6415   ano_imu.o
      2024        170          0         22        328       3664   ano_locctrl.o
      1244        106          0         32          0       4347   ano_magprocess.o
       704         38       1028          0          0       5080   ano_math.o
       684         94          0         29         76       2061   ano_motioncal.o
       452         22          0         18         16       2244   ano_motorctrl.o
       620         72          0         78         50       4492   ano_of.o
      1120        136          0          4       4096       5878   ano_parameter.o
       288          4          0          0          0       1996   ano_pid.o
       420         56          0         12          0        942   ano_power.o
      1576        174          0         31         36       8301   ano_rc.o
       452         40          0         84         36       5767   ano_scheduler.o
       598         34          0          4        320      16854   ano_usb.o
       184         24          0          0          0        635   bsp_init.o
       620         58          0          1         47       3458   dbus.o
       272         22          0          2          0       1873   drv_adc.o
       260         20          0          6          0       3347   drv_ak8975.o
      1620        106        143         25        232       8837   drv_gps.o
       946         48          0          1          0       7675   drv_i2c_soft.o
      2800        236          0         73        292      19686   drv_icm20602.o
      1620         90          0         39         15       6451   drv_led.o
      2104        138          0         36         32       3798   drv_pwm_in.o
       800         42          0          0          0       2228   drv_pwm_out.o
       280         14          0          0          0       2301   drv_spi.o
      1784        106          0         32         44       9031   drv_spl06.o
       264         28          0          8          0      23239   drv_time.o
       432         46          0          4        512       2783   drv_usart.o
       128         28          0          6          0      16909   drv_vl53l0x.o
      1012         62          0          0         12       8481   drv_w25qxx.o
        28          4          0          0          0       1423   main.o
       448        168          0          0          0       2605   misc.o
        64         26        392          0       3072        912   startup_stm32f4xx.o
      1940        516          0          0          0       6919   stm32f4xx_adc.o
      2224        510          0          0          0       5766   stm32f4xx_dma.o
       632        194          0          0          0       2752   stm32f4xx_exti.o
      1570        490          0          0          0       5245   stm32f4xx_gpio.o
        76          0          0          0          0       5962   stm32f4xx_it.o
       932        368          0         16          0       6413   stm32f4xx_rcc.o
      1196        448          0          0          0       5099   stm32f4xx_spi.o
       244         64          0          0          0        824   stm32f4xx_syscfg.o
      5878       1850          0          0          0      21302   stm32f4xx_tim.o
      2756        852          0          0          0       9676   stm32f4xx_usart.o
       340         32          0         20          0       2217   system_stm32f4xx.o
        28          0        372          9        800      15979   usb_config.o
      2734        344          0         36          0      13450   usbd_core.o
       452         88          0          0          0       2676   usbd_core_hid.o
      1598        270          0         39          0      10771   usbd_hid.o
      4662        304          0         48        112      34749   usbd_stm32f4xx_fs.o
      3994         64          0        681          0      31995   vl53l0x_api.o
      2058          6          0         16          0      16713   vl53l0x_api_calibration.o
      5688         18          0          0          0      28863   vl53l0x_api_core.o
       300         74          0          0          0       2580   vl53l0x_api_strings.o
       338          0          0          0          0       5734   vl53l0x_i2c.o
       772         20          0          1        480      19284   vl53l0x_platform.o

    ----------------------------------------------------------------------
     83360       9978       1968       1924      12176     804507   Object Totals
         0          0         32          0          0          0   (incl. Generated)
        62          0          1         32          7          0   (incl. Padding)

    ----------------------------------------------------------------------

      Code (inc. data)   RO Data    RW Data    ZI Data      Debug   Library Member Name

        90          0          0          0          0          0   __dczerorl2.o
         8          0          0          0          0         68   __main.o
         0          0          0          0          0          0   __rtentry.o
        12          0          0          0          0          0   __rtentry2.o
         6          0          0          0          0          0   __rtentry4.o
        52          8          0          0          0          0   __scatter.o
        28          0          0          0          0          0   __scatter_zi.o
        18          0          0          0          0         80   exit.o
         6          0          0          0          0        152   heapauxi.o
         0          0          0          0          0          0   indicate_semi.o
         2          0          0          0          0          0   libinit.o
         6          0          0          0          0          0   libinit2.o
         2          0          0          0          0          0   libshutdown.o
         2          0          0          0          0          0   libshutdown2.o
         8          4          0          0         96         68   libspace.o
        78          0          0          0          0         80   rt_memclr_w.o
       138          0          0          0          0         68   rt_memcpy_v6.o
       100          0          0          0          0         80   rt_memcpy_w.o
         2          0          0          0          0          0   rtexit.o
        10          0          0          0          0          0   rtexit2.o
        72          0          0          0          0         80   strcpy.o
        12          4          0          0          0         68   sys_exit.o
        74          0          0          0          0         80   sys_stackheap_outer.o
         2          0          0          0          0         68   use_no_semi.o
        98          4          0          0          0        140   d2f.o
       804         16          0          0          0        368   daddsub_clz.o
        94          4          0          0          0        140   dfix.o
        46          0          0          0          0        116   dflt_clz.o
       340         12          0          0          0        152   dmul.o
       156          4          0          0          0        140   dnaninf.o
        12          0          0          0          0        116   dretinf.o
        86          4          0          0          0        132   f2d.o
       140          4          0          0          0        132   fnaninf.o
        10          0          0          0          0        116   fpinit.o
        10          0          0          0          0        116   fretinf.o
         0          0          0          0          0          0   usenofp.o

    ----------------------------------------------------------------------
      2536         64          0          0        100       2560   Library Totals
        12          0          0          0          4          0   (incl. Padding)

    ----------------------------------------------------------------------

      Code (inc. data)   RO Data    RW Data    ZI Data      Debug   Library Name

       728         16          0          0         96        892   c_w.l
      1796         48          0          0          0       1668   fz_wm.l

    ----------------------------------------------------------------------
      2536         64          0          0        100       2560   Library Totals

    ----------------------------------------------------------------------

==============================================================================


      Code (inc. data)   RO Data    RW Data    ZI Data      Debug   

     85896      10042       1968       1924      12276     762603   Grand Totals
     85896      10042       1968        792      12276     762603   ELF Image Totals (compressed)
     85896      10042       1968        792          0          0   ROM Totals

==============================================================================

    Total RO  Size (Code + RO Data)                87864 (  85.80kB)
    Total RW  Size (RW Data + ZI Data)             14200 (  13.87kB)
    Total ROM Size (Code + RO Data + RW Data)      88656 (  86.58kB)

==============================================================================

